ROS_DISTRO was set to 'jazzy' before. Please make sure that the environment does not mix paths from different distributions.
ZENOH_CONFIG_OVERRIDE_ROUTER=mode="router";listen/endpoints=["tcp/[::]:7447"];connect/endpoints=[];routing/router/peers_failover_brokering=true;transport/shared_memory/enabled=false
ZENOH_CONFIG_OVERRIDE_PEER=;transport/shared_memory/enabled=false
[INFO] [launch]: All log files can be found below /home/ashutokumar/.ros/log/2026-05-10-02-29-22-596941-NV-7WXCW94-38178
[INFO] [launch]: Default logging verbosity is set to INFO
Started Zenoh router with id f0a970e86fd75fa491631b88077637a1
[INFO] [robot_state_publisher-1]: process started with pid [38572]
[INFO] [aic_adapter-2]: process started with pid [38573]
[INFO] [component_container-3]: process started with pid [38574]
[INFO] [gz-4]: process started with pid [38575]
[INFO] [create-5]: process started with pid [38576]
[INFO] [aic_engine-6]: process started with pid [38577]
[aic_adapter-2] [INFO] [1778405363.399548550] [aic_adapter_node]: Adapter node initialization complete.
[robot_state_publisher-1] [INFO] [1778405363.406492331] [robot_state_publisher]: Robot initialized
[create-5] [INFO] [1778405363.407341764] [ros_gz_sim]: Requesting list of world names.
[aic_engine-6] [INFO] [1778405363.432526464] [aic_engine]: Creating AIC Engine...
[aic_engine-6] [INFO] [1778405363.432991562] [aic_engine]: Scoring output directory set to: /home/ashutokumar/aic_results/cc15c_recovery_20260510_022915
[aic_engine-6] [INFO] [1778405363.433373273] [aic_engine]: [1;36m╔════════════════════════════════════════╗[0m
[aic_engine-6] [INFO] [1778405363.433392648] [aic_engine]: [1;36m║   Initializing AIC Engine...           ║[0m
[aic_engine-6] [INFO] [1778405363.433395387] [aic_engine]: [1;36m╚════════════════════════════════════════╝[0m
[component_container-3] [INFO] [1778405363.436301018] [ros_gz_container]: Load Library: /ws_aic/install/lib/libgzserver_component.so
[aic_engine-6] [INFO] [1778405363.436465964] [aic_engine]: Successfully parsed trial 'trial_1'
[aic_engine-6] [INFO] [1778405363.436512080] [aic_engine]: Successfully parsed trial 'trial_2'
[aic_engine-6] [INFO] [1778405363.436535672] [aic_engine]: Successfully parsed trial 'trial_3'
[aic_engine-6] [INFO] [1778405363.436538454] [aic_engine]: Successfully parsed 3 trial(s)
[aic_engine-6] [INFO] [1778405363.436545605] [aic_engine]: Waiting for clock
[component_container-3] [INFO] [1778405363.535695363] [ros_gz_container]: Found class: rclcpp_components::NodeFactoryTemplate<ros_gz_sim::GzServer>
[component_container-3] [INFO] [1778405363.535779563] [ros_gz_container]: Instantiate class: rclcpp_components::NodeFactoryTemplate<ros_gz_sim::GzServer>
[INFO] [launch_ros.actions.load_composable_nodes]: Loaded node '/gz_server' in container '/ros_gz_container'
[component_container-3] [INFO] [1778405363.538936409] [ros_gz_container]: Load Library: /ws_aic/install/lib/libros_gz_bridge.so
[component_container-3] [INFO] [1778405363.612251925] [ros_gz_container]: Found class: rclcpp_components::NodeFactoryTemplate<ros_gz_bridge::RosGzBridge>
[component_container-3] [INFO] [1778405363.612333283] [ros_gz_container]: Instantiate class: rclcpp_components::NodeFactoryTemplate<ros_gz_bridge::RosGzBridge>
[INFO] [launch_ros.actions.load_composable_nodes]: Loaded node '/ros_gz_bridge' in container 'ros_gz_container'
[gz-4] QStandardPaths: wrong permissions on runtime directory /run/user/1000/, 0755 instead of 0700
[component_container-3] (2026-05-10 02:29:23.645) [info] [ServerPrivate.cc:664] Loading SDF world file[/ws_aic/install/share/aic_description/world/aic.sdf].
[component_container-3] [INFO] [1778405364.616892578] [ros_gz_bridge]: Creating GZ->ROS Bridge: [/clock (gz.msgs.Clock) -> /clock (rosgraph_msgs/msg/Clock)] (Lazy 0)
[component_container-3] [INFO] [1778405364.618944436] [ros_gz_bridge]: Creating GZ->ROS Bridge: [/left_camera/image (gz.msgs.Image) -> /left_camera/image (sensor_msgs/msg/Image)] (Lazy 1)
[component_container-3] [INFO] [1778405364.622261823] [ros_gz_bridge]: Creating GZ->ROS Bridge: [/center_camera/image (gz.msgs.Image) -> /center_camera/image (sensor_msgs/msg/Image)] (Lazy 1)
[component_container-3] [INFO] [1778405364.622428689] [ros_gz_bridge]: Creating GZ->ROS Bridge: [/right_camera/image (gz.msgs.Image) -> /right_camera/image (sensor_msgs/msg/Image)] (Lazy 1)
[component_container-3] [INFO] [1778405364.622588140] [ros_gz_bridge]: Creating GZ->ROS Bridge: [/left_camera/camera_info (gz.msgs.CameraInfo) -> /left_camera/camera_info (sensor_msgs/msg/CameraInfo)] (Lazy 1)
[component_container-3] [INFO] [1778405364.622948181] [ros_gz_bridge]: Creating GZ->ROS Bridge: [/center_camera/camera_info (gz.msgs.CameraInfo) -> /center_camera/camera_info (sensor_msgs/msg/CameraInfo)] (Lazy 1)
[component_container-3] [INFO] [1778405364.623226113] [ros_gz_bridge]: Creating GZ->ROS Bridge: [/right_camera/camera_info (gz.msgs.CameraInfo) -> /right_camera/camera_info (sensor_msgs/msg/CameraInfo)] (Lazy 1)
[component_container-3] [INFO] [1778405364.623452297] [ros_gz_bridge]: Creating GZ->ROS Bridge: [/aic/gazebo/contacts/off_limit (gz.msgs.Contacts) -> /aic/gazebo/contacts/off_limit (ros_gz_interfaces/msg/Contacts)] (Lazy 1)
[component_container-3] [INFO] [1778405364.626368960] [ros_gz_bridge]: Creating GZ->ROS Bridge: [/cable_0/pose (gz.msgs.Pose_V) -> /scoring/tf (tf2_msgs/msg/TFMessage)] (Lazy 1)
[component_container-3] [INFO] [1778405364.627639918] [ros_gz_bridge]: Creating GZ->ROS Bridge: [/cable_1/pose (gz.msgs.Pose_V) -> /scoring/tf (tf2_msgs/msg/TFMessage)] (Lazy 1)
[component_container-3] [INFO] [1778405364.629944079] [ros_gz_bridge]: Creating GZ->ROS Bridge: [/cable_2/pose (gz.msgs.Pose_V) -> /scoring/tf (tf2_msgs/msg/TFMessage)] (Lazy 1)
[component_container-3] [INFO] [1778405364.630104845] [ros_gz_bridge]: Creating GZ->ROS Bridge: [/cable_3/pose (gz.msgs.Pose_V) -> /scoring/tf (tf2_msgs/msg/TFMessage)] (Lazy 1)
[component_container-3] [INFO] [1778405364.630217693] [ros_gz_bridge]: Creating GZ->ROS Bridge: [/cable_4/pose (gz.msgs.Pose_V) -> /scoring/tf (tf2_msgs/msg/TFMessage)] (Lazy 1)
[component_container-3] [INFO] [1778405364.630340749] [ros_gz_bridge]: Creating GZ->ROS Bridge: [/task_board/pose_static (gz.msgs.Pose_V) -> /scoring/tf (tf2_msgs/msg/TFMessage)] (Lazy 1)
[component_container-3] [INFO] [1778405364.630428411] [ros_gz_bridge]: Creating GZ->ROS Bridge: [/cable_0/insertion_event (gz.msgs.StringMsg) -> /scoring/insertion_event (std_msgs/msg/String)] (Lazy 1)
[component_container-3] [INFO] [1778405364.631838515] [ros_gz_bridge]: Creating GZ->ROS Bridge: [/cable_1/insertion_event (gz.msgs.StringMsg) -> /scoring/insertion_event (std_msgs/msg/String)] (Lazy 1)
[component_container-3] (2026-05-10 02:29:25.616) [info] [SystemManager.cc:54] Serving entity system service on [/entity/system/add]
[component_container-3] (2026-05-10 02:29:25.622) [info] [UserCommands.cc:752] Create service on [/world/aic_world/create_multiple] (async)
[component_container-3] (2026-05-10 02:29:25.622) [info] [UserCommands.cc:754] Create service on [/world/aic_world/create_multiple/blocking] (blocking)
[component_container-3] (2026-05-10 02:29:25.622) [info] [UserCommands.cc:752] Remove service on [/world/aic_world/remove] (async)
[component_container-3] (2026-05-10 02:29:25.622) [info] [UserCommands.cc:754] Remove service on [/world/aic_world/remove/blocking] (blocking)
[component_container-3] (2026-05-10 02:29:25.622) [info] [UserCommands.cc:752] Pose service on [/world/aic_world/set_pose] (async)
[component_container-3] (2026-05-10 02:29:25.622) [info] [UserCommands.cc:754] Pose service on [/world/aic_world/set_pose/blocking] (blocking)
[component_container-3] (2026-05-10 02:29:25.622) [info] [UserCommands.cc:752] Pose service on [/world/aic_world/set_pose_vector] (async)
[component_container-3] (2026-05-10 02:29:25.622) [info] [UserCommands.cc:754] Pose service on [/world/aic_world/set_pose_vector/blocking] (blocking)
[component_container-3] (2026-05-10 02:29:25.623) [info] [UserCommands.cc:752] Light configuration service on [/world/aic_world/light_config] (async)
[component_container-3] (2026-05-10 02:29:25.623) [info] [UserCommands.cc:754] Light configuration service on [/world/aic_world/light_config/blocking] (blocking)
[component_container-3] (2026-05-10 02:29:25.623) [info] [UserCommands.cc:752] Physics service on [/world/aic_world/set_physics] (async)
[component_container-3] (2026-05-10 02:29:25.623) [info] [UserCommands.cc:754] Physics service on [/world/aic_world/set_physics/blocking] (blocking)
[component_container-3] (2026-05-10 02:29:25.623) [info] [UserCommands.cc:752] SphericalCoordinates service on [/world/aic_world/set_spherical_coordinates] (async)
[component_container-3] (2026-05-10 02:29:25.623) [info] [UserCommands.cc:754] SphericalCoordinates service on [/world/aic_world/set_spherical_coordinates/blocking] (blocking)
[component_container-3] (2026-05-10 02:29:25.623) [info] [UserCommands.cc:752] Enable collision service on [/world/aic_world/enable_collision] (async)
[component_container-3] (2026-05-10 02:29:25.623) [info] [UserCommands.cc:754] Enable collision service on [/world/aic_world/enable_collision/blocking] (blocking)
[component_container-3] (2026-05-10 02:29:25.623) [info] [UserCommands.cc:752] Disable collision service on [/world/aic_world/disable_collision] (async)
[component_container-3] (2026-05-10 02:29:25.623) [info] [UserCommands.cc:754] Disable collision service on [/world/aic_world/disable_collision/blocking] (blocking)
[component_container-3] (2026-05-10 02:29:25.624) [info] [UserCommands.cc:752] Material service on [/world/aic_world/visual_config] (async)
[component_container-3] (2026-05-10 02:29:25.624) [info] [UserCommands.cc:754] Material service on [/world/aic_world/visual_config/blocking] (blocking)
[component_container-3] (2026-05-10 02:29:25.624) [info] [UserCommands.cc:752] Material service on [/world/aic_world/wheel_slip] (async)
[component_container-3] (2026-05-10 02:29:25.624) [info] [UserCommands.cc:754] Material service on [/world/aic_world/wheel_slip/blocking] (blocking)
[component_container-3] (2026-05-10 02:29:25.624) [debug] [SystemManager.cc:80] Loaded system [gz::sim::systems::UserCommands] for entity [1]
[component_container-3] (2026-05-10 02:29:25.730) [debug] [Physics.cc:967] Loaded [gz::physics::bullet_featherstone::Plugin] from library [/ws_aic/install/lib/gz-physics-8/engine-plugins/libgz-physics-bullet-featherstone-plugin.so]
[component_container-3] (2026-05-10 02:29:25.730) [debug] [SystemManager.cc:80] Loaded system [gz::sim::systems::Physics] for entity [1]
[component_container-3] (2026-05-10 02:29:25.748) [debug] [Sensors.cc:697] Configuring Sensors system
[component_container-3] (2026-05-10 02:29:25.748) [debug] [Sensors.cc:557] SensorsPrivate::Run
[component_container-3] (2026-05-10 02:29:25.749) [debug] [SystemManager.cc:80] Loaded system [gz::sim::systems::Sensors] for entity [1]
[component_container-3] (2026-05-10 02:29:25.749) [debug] [Sensors.cc:532] SensorsPrivate::RenderThread started
[component_container-3] (2026-05-10 02:29:25.749) [debug] [Sensors.cc:337] Waiting for init
[component_container-3] (2026-05-10 02:29:25.751) [debug] [ScoringPlugin.cc:45] aic_gazebo::ScoringPlugin::Configure on entity: 1
[component_container-3] (2026-05-10 02:29:25.752) [debug] [SystemManager.cc:80] Loaded system [aic_gazebo::ScoringPlugin] for entity [1]
[component_container-3] (2026-05-10 02:29:25.754) [debug] [WorldSdfGeneratorPlugin.cc:47] aic_gazebo::WorldSdfGeneratorPlugin::Configure
[component_container-3] (2026-05-10 02:29:25.754) [debug] [SystemManager.cc:80] Loaded system [aic_gazebo::WorldSdfGeneratorPlugin] for entity [1]
[component_container-3] (2026-05-10 02:29:25.756) [debug] [SystemManager.cc:80] Loaded system [gz::sim::systems::Contact] for entity [1]
[component_container-3] (2026-05-10 02:29:25.756) [info] [LevelManager.cc:646] Loaded level [default]
[component_container-3] (2026-05-10 02:29:25.757) [debug] [ServerConfig.cc:1025] Loading (3) plugins from file [/home/ashutokumar/.gz/sim/9/server.config]
[component_container-3] (2026-05-10 02:29:25.757) [debug] [SimulationRunner.cc:1696] Additional plugins to load:
[component_container-3] (2026-05-10 02:29:25.757) [debug] [SimulationRunner.cc:1699] gz::sim::systems::SceneBroadcaster gz-sim-scene-broadcaster-system
[component_container-3] (2026-05-10 02:29:25.760) [debug] [SystemManager.cc:80] Loaded system [gz::sim::systems::SceneBroadcaster] for entity [1]
[component_container-3] (2026-05-10 02:29:25.760) [info] [SimulationRunner.cc:275] Serving world controls on [/world/aic_world/control], [/world/aic_world/control/state] and [/world/aic_world/playback/control]
[component_container-3] (2026-05-10 02:29:25.761) [info] [SimulationRunner.cc:301] Serving GUI information on [/world/aic_world/gui/info]
[component_container-3] (2026-05-10 02:29:25.761) [info] [SimulationRunner.cc:304] World [aic_world] initialized with [2ms] physics profile.
[component_container-3] (2026-05-10 02:29:25.761) [info] [SimulationRunner.cc:311] Serving world SDF generation service on [/world/aic_world/generate_world_sdf]
[component_container-3] (2026-05-10 02:29:25.761) [info] [ServerPrivate.cc:344] Serving world names on [/gazebo/worlds]
[component_container-3] (2026-05-10 02:29:25.761) [info] [ServerPrivate.cc:357] Resource path add service on [/gazebo/resource_paths/add].
[component_container-3] (2026-05-10 02:29:25.761) [info] [ServerPrivate.cc:370] Resource path get service on [/gazebo/resource_paths/get].
[component_container-3] (2026-05-10 02:29:25.761) [info] [ServerPrivate.cc:385] Resource path resolve service on [/gazebo/resource_paths/resolve].
[component_container-3] (2026-05-10 02:29:25.761) [info] [ServerPrivate.cc:399] Resource paths published on [/gazebo/resource_paths].
[component_container-3] (2026-05-10 02:29:25.761) [info] [ServerPrivate.cc:412] Server control service on [/server_control].
[component_container-3] (2026-05-10 02:29:25.761) [info] [SimulationRunner.cc:769] Found no publishers on /stats, adding root stats topic
[component_container-3] (2026-05-10 02:29:25.962) [info] [SimulationRunner.cc:803] Found no publishers on /clock, adding root clock topic
[create-5] [INFO] [1778405365.963078404] [ros_gz_sim]: Entity creation successful.
[component_container-3] (2026-05-10 02:29:25.963) [debug] [SimulationRunner.cc:573] Creating PostUpdate worker threads: 5
[component_container-3] (2026-05-10 02:29:25.963) [debug] [SimulationRunner.cc:584] Creating postupdate worker thread (0)
[component_container-3] (2026-05-10 02:29:25.963) [debug] [SimulationRunner.cc:584] Creating postupdate worker thread (1)
[component_container-3] (2026-05-10 02:29:25.963) [debug] [SimulationRunner.cc:584] Creating postupdate worker thread (2)
[component_container-3] (2026-05-10 02:29:25.963) [debug] [SimulationRunner.cc:584] Creating postupdate worker thread (3)
[INFO] [create-5]: process has finished cleanly [pid 38576]
[INFO] [spawner-7]: process started with pid [38764]
[INFO] [spawner-8]: process started with pid [38765]
[component_container-3] [1;33mWarning [Utils.cc:119][0m [/sdf/model[@name="ur"]/link[@name="center_camera/sensor_link"]/sensor[@name="center_camera"]/camera[@name="center_camera"]/optical_frame_id]: SDF Element[optical_frame_id] is deprecated
[component_container-3] [1;33mWarning [Utils.cc:119][0m [/sdf/model[@name="ur"]/link[@name="left_camera/sensor_link"]/sensor[@name="left_camera"]/camera[@name="left_camera"]/optical_frame_id]: SDF Element[optical_frame_id] is deprecated
[component_container-3] [1;33mWarning [Utils.cc:119][0m [/sdf/model[@name="ur"]/link[@name="right_camera/sensor_link"]/sensor[@name="right_camera"]/camera[@name="right_camera"]/optical_frame_id]: SDF Element[optical_frame_id] is deprecated
[component_container-3] [WARN] [1778405366.206414605] [rcl.logging_rosout]: Publisher already registered for node name: 'ros_gz_container'. If this is due to multiple nodes with the same name then all logs for the logger named 'ros_gz_container' will go out over the existing publisher. As soon as any node with that name is destructed it will unregister the publisher, preventing any further logs for that name from being published on the rosout topic.
[component_container-3] [INFO] [1778405366.208905308] [ros_gz_container]: [gz_ros2_control] Fixed joint [tabletop_joint] (Entity=101)] is skipped
[component_container-3] [INFO] [1778405366.208958453] [ros_gz_container]: [gz_ros2_control] Fixed joint [center_camera/attach_sensor_link] (Entity=108)] is skipped
[component_container-3] [INFO] [1778405366.209000543] [ros_gz_container]: [gz_ros2_control] Fixed joint [center_camera/attach_optical] (Entity=109)] is skipped
[component_container-3] [INFO] [1778405366.209023501] [ros_gz_container]: [gz_ros2_control] Fixed joint [ati/attach_joint] (Entity=110)] is skipped
[component_container-3] [INFO] [1778405366.209028917] [ros_gz_container]: [gz_ros2_control] Fixed joint [left_camera/attach_sensor_link] (Entity=114)] is skipped
[component_container-3] [INFO] [1778405366.209032456] [ros_gz_container]: [gz_ros2_control] Fixed joint [left_camera/attach_optical] (Entity=115)] is skipped
[component_container-3] [INFO] [1778405366.209035385] [ros_gz_container]: [gz_ros2_control] Fixed joint [right_camera/attach_sensor_link] (Entity=116)] is skipped
[component_container-3] [INFO] [1778405366.209038118] [ros_gz_container]: [gz_ros2_control] Fixed joint [right_camera/attach_optical] (Entity=117)] is skipped
[component_container-3] [INFO] [1778405366.215435305] [ros_gz_container]: Loading controller_manager
[component_container-3] [INFO] [1778405366.243014834] [controller_manager]: Using ROS clock for triggering controller manager cycles.
[component_container-3] [INFO] [1778405366.248200430] [controller_manager]: Subscribing to '/robot_description' topic for robot description.
[component_container-3] [INFO] [1778405366.253306036] [controller_manager]: Enforcing command limits is enabled...
[component_container-3] [WARN] [1778405366.253439848] [ros_gz_container]: Waiting RM to load and initialize hardware...
[component_container-3] [INFO] [1778405366.254042014] [controller_manager]: Received robot description from topic.
[component_container-3] [INFO] [1778405366.257088719] [ros_gz_container]: Using JointLimiter for joint 'gripper/left_finger_joint' in hardware 'gripper' : '  has position limits: true [0, 0.025]
[component_container-3]   has velocity limits: true [0.05]
[component_container-3]   has acceleration limits: false [nan]
[component_container-3]   has deceleration limits: false [nan]
[component_container-3]   has jerk limits: false [nan]
[component_container-3]   has effort limits: true [20]
[component_container-3]   angle wraparound: false'
[component_container-3] [INFO] [1778405366.257138112] [ros_gz_container]: Creating JointSaturationLimiter for joint 'gripper/left_finger_joint' in hardware 'gripper'
[component_container-3] [INFO] [1778405366.257160839] [ros_gz_container]: Using JointLimiter for joint 'wrist_3_joint' in hardware 'ControlSystem' : '  has position limits: true [-6.28319, 6.28319]
[component_container-3]   has velocity limits: true [3.14159]
[component_container-3]   has acceleration limits: false [nan]
[component_container-3]   has deceleration limits: false [nan]
[component_container-3]   has jerk limits: false [nan]
[component_container-3]   has effort limits: true [28]
[component_container-3]   angle wraparound: false'
[component_container-3] [INFO] [1778405366.257164529] [ros_gz_container]: Creating JointSaturationLimiter for joint 'wrist_3_joint' in hardware 'ControlSystem'
[component_container-3] [INFO] [1778405366.257169611] [ros_gz_container]: Using JointLimiter for joint 'wrist_2_joint' in hardware 'ControlSystem' : '  has position limits: true [-6.28319, 6.28319]
[component_container-3]   has velocity limits: true [3.14159]
[component_container-3]   has acceleration limits: false [nan]
[component_container-3]   has deceleration limits: false [nan]
[component_container-3]   has jerk limits: false [nan]
[component_container-3]   has effort limits: true [28]
[component_container-3]   angle wraparound: false'
[component_container-3] [INFO] [1778405366.257172838] [ros_gz_container]: Creating JointSaturationLimiter for joint 'wrist_2_joint' in hardware 'ControlSystem'
[component_container-3] [INFO] [1778405366.257177290] [ros_gz_container]: Using JointLimiter for joint 'wrist_1_joint' in hardware 'ControlSystem' : '  has position limits: true [-6.28319, 6.28319]
[component_container-3]   has velocity limits: true [3.14159]
[component_container-3]   has acceleration limits: false [nan]
[component_container-3]   has deceleration limits: false [nan]
[component_container-3]   has jerk limits: false [nan]
[component_container-3]   has effort limits: true [28]
[component_container-3]   angle wraparound: false'
[component_container-3] [INFO] [1778405366.257180354] [ros_gz_container]: Creating JointSaturationLimiter for joint 'wrist_1_joint' in hardware 'ControlSystem'
[component_container-3] [INFO] [1778405366.257184991] [ros_gz_container]: Using JointLimiter for joint 'elbow_joint' in hardware 'ControlSystem' : '  has position limits: true [-3.14159, 3.14159]
[component_container-3]   has velocity limits: true [3.14159]
[component_container-3]   has acceleration limits: false [nan]
[component_container-3]   has deceleration limits: false [nan]
[component_container-3]   has jerk limits: false [nan]
[component_container-3]   has effort limits: true [150]
[component_container-3]   angle wraparound: false'
[component_container-3] [INFO] [1778405366.257187965] [ros_gz_container]: Creating JointSaturationLimiter for joint 'elbow_joint' in hardware 'ControlSystem'
[component_container-3] [INFO] [1778405366.257193246] [ros_gz_container]: Using JointLimiter for joint 'shoulder_lift_joint' in hardware 'ControlSystem' : '  has position limits: true [-6.28319, 6.28319]
[component_container-3]   has velocity limits: true [3.14159]
[component_container-3]   has acceleration limits: false [nan]
[component_container-3]   has deceleration limits: false [nan]
[component_container-3]   has jerk limits: false [nan]
[component_container-3]   has effort limits: true [150]
[component_container-3]   angle wraparound: false'
[component_container-3] [INFO] [1778405366.257236252] [ros_gz_container]: Creating JointSaturationLimiter for joint 'shoulder_lift_joint' in hardware 'ControlSystem'
[component_container-3] [INFO] [1778405366.257247017] [ros_gz_container]: Using JointLimiter for joint 'shoulder_pan_joint' in hardware 'ControlSystem' : '  has position limits: true [-6.28319, 6.28319]
[component_container-3]   has velocity limits: true [3.14159]
[component_container-3]   has acceleration limits: false [nan]
[component_container-3]   has deceleration limits: false [nan]
[component_container-3]   has jerk limits: false [nan]
[component_container-3]   has effort limits: true [150]
[component_container-3]   angle wraparound: false'
[component_container-3] [INFO] [1778405366.257251461] [ros_gz_container]: Creating JointSaturationLimiter for joint 'shoulder_pan_joint' in hardware 'ControlSystem'
[component_container-3] [INFO] [1778405366.262863697] [ros_gz_container]: The position_proportional_gain has been set to: 0.1
[component_container-3] [INFO] [1778405366.263021250] [ros_gz_container]: Loading joint: gripper/left_finger_joint
[component_container-3] [INFO] [1778405366.263037702] [ros_gz_container]: 	State:
[component_container-3] [INFO] [1778405366.263047407] [ros_gz_container]: 		 position
[component_container-3] [INFO] [1778405366.263072394] [ros_gz_container]: 			 found initial value: 0.007300
[component_container-3] [INFO] [1778405366.263082830] [ros_gz_container]: 		 velocity
[component_container-3] [INFO] [1778405366.263098477] [ros_gz_container]: 			 found initial value: 0.000000
[component_container-3] [INFO] [1778405366.263106448] [ros_gz_container]: 		 effort
[component_container-3] [INFO] [1778405366.263117238] [ros_gz_container]: 			 found initial value: 0.000000
[component_container-3] [INFO] [1778405366.263124978] [ros_gz_container]: 	Command:
[component_container-3] [INFO] [1778405366.263131756] [ros_gz_container]: 		 position
[component_container-3] [INFO] [1778405366.263149819] [ros_gz_container]: 		 effort
[component_container-3] [INFO] [1778405366.263410366] [ros_gz_container]: Loading sensor: AtiForceTorqueSensor
[component_container-3] [INFO] [1778405366.263468991] [ros_gz_container]: 	State:
[component_container-3] [INFO] [1778405366.263639565] [ros_gz_container]: Initialize hardware 'gripper' 
[component_container-3] [WARN] [1778405366.263958575] [rcl.logging_rosout]: Publisher already registered for node name: 'ros_gz_container'. If this is due to multiple nodes with the same name then all logs for the logger named 'ros_gz_container' will go out over the existing publisher. As soon as any node with that name is destructed it will unregister the publisher, preventing any further logs for that name from being published on the rosout topic.
[component_container-3] [INFO] [1778405366.265492307] [ros_gz_container.hardware_component.system.gripper]: `status_publish_rate` is set to 0.0, hardware status publisher will not be created.
[component_container-3] [INFO] [1778405366.265777671] [ros_gz_container]: Successful initialization of hardware 'gripper'
[component_container-3] [INFO] [1778405366.266084931] [ros_gz_container]: The position_proportional_gain has been set to: 0.1
[component_container-3] [INFO] [1778405366.266192809] [ros_gz_container]: Loading joint: shoulder_pan_joint
[component_container-3] [INFO] [1778405366.266208810] [ros_gz_container]: 	State:
[component_container-3] [INFO] [1778405366.266218614] [ros_gz_container]: 		 position
[component_container-3] [INFO] [1778405366.266238626] [ros_gz_container]: 			 found initial value: -0.159700
[component_container-3] [INFO] [1778405366.266250074] [ros_gz_container]: 		 velocity
[component_container-3] [INFO] [1778405366.266260653] [ros_gz_container]: 			 found initial value: 0.000000
[component_container-3] [INFO] [1778405366.266269328] [ros_gz_container]: 		 effort
[component_container-3] [INFO] [1778405366.266279233] [ros_gz_container]: 			 found initial value: 0.000000
[component_container-3] [INFO] [1778405366.266287488] [ros_gz_container]: 	Command:
[component_container-3] [INFO] [1778405366.266294841] [ros_gz_container]: 		 position
[component_container-3] [INFO] [1778405366.266311431] [ros_gz_container]: 		 velocity
[component_container-3] [INFO] [1778405366.266321923] [ros_gz_container]: 		 effort
[component_container-3] [INFO] [1778405366.266339858] [ros_gz_container]: Loading joint: shoulder_lift_joint
[component_container-3] [INFO] [1778405366.266347474] [ros_gz_container]: 	State:
[component_container-3] [INFO] [1778405366.266354925] [ros_gz_container]: 		 position
[component_container-3] [INFO] [1778405366.266363478] [ros_gz_container]: 			 found initial value: -1.354200
[component_container-3] [INFO] [1778405366.266371479] [ros_gz_container]: 		 velocity
[component_container-3] [INFO] [1778405366.266381260] [ros_gz_container]: 			 found initial value: 0.000000
[component_container-3] [INFO] [1778405366.266389271] [ros_gz_container]: 		 effort
[component_container-3] [INFO] [1778405366.266476681] [ros_gz_container]: 			 found initial value: 0.000000
[component_container-3] [INFO] [1778405366.266495240] [ros_gz_container]: 	Command:
[component_container-3] [INFO] [1778405366.266506567] [ros_gz_container]: 		 position
[component_container-3] [INFO] [1778405366.266524765] [ros_gz_container]: 		 velocity
[component_container-3] [INFO] [1778405366.266537799] [ros_gz_container]: 		 effort
[component_container-3] [INFO] [1778405366.266556129] [ros_gz_container]: Loading joint: elbow_joint
[component_container-3] [INFO] [1778405366.266565046] [ros_gz_container]: 	State:
[component_container-3] [INFO] [1778405366.266573413] [ros_gz_container]: 		 position
[component_container-3] [INFO] [1778405366.266584481] [ros_gz_container]: 			 found initial value: -1.664800
[component_container-3] [INFO] [1778405366.266672906] [ros_gz_container]: 		 velocity
[component_container-3] [INFO] [1778405366.266701405] [ros_gz_container]: 			 found initial value: 0.000000
[component_container-3] [INFO] [1778405366.266712236] [ros_gz_container]: 		 effort
[component_container-3] [INFO] [1778405366.266723908] [ros_gz_container]: 			 found initial value: 0.000000
[component_container-3] [INFO] [1778405366.266732632] [ros_gz_container]: 	Command:
[component_container-3] [INFO] [1778405366.266740240] [ros_gz_container]: 		 position
[component_container-3] [INFO] [1778405366.266765685] [ros_gz_container]: 		 velocity
[component_container-3] [INFO] [1778405366.266775421] [ros_gz_container]: 		 effort
[component_container-3] [INFO] [1778405366.266797109] [ros_gz_container]: Loading joint: wrist_1_joint
[component_container-3] [INFO] [1778405366.266804917] [ros_gz_container]: 	State:
[component_container-3] [INFO] [1778405366.266812126] [ros_gz_container]: 		 position
[component_container-3] [INFO] [1778405366.266822154] [ros_gz_container]: 			 found initial value: -1.693300
[component_container-3] [INFO] [1778405366.266830975] [ros_gz_container]: 		 velocity
[component_container-3] [INFO] [1778405366.266839576] [ros_gz_container]: 			 found initial value: 0.000000
[component_container-3] [INFO] [1778405366.266847514] [ros_gz_container]: 		 effort
[component_container-3] [INFO] [1778405366.266855568] [ros_gz_container]: 			 found initial value: 0.000000
[component_container-3] [INFO] [1778405366.266862903] [ros_gz_container]: 	Command:
[component_container-3] [INFO] [1778405366.266869460] [ros_gz_container]: 		 position
[component_container-3] [INFO] [1778405366.266880093] [ros_gz_container]: 		 velocity
[component_container-3] [INFO] [1778405366.266889136] [ros_gz_container]: 		 effort
[component_container-3] [INFO] [1778405366.266902886] [ros_gz_container]: Loading joint: wrist_2_joint
[component_container-3] [INFO] [1778405366.266910102] [ros_gz_container]: 	State:
[component_container-3] [INFO] [1778405366.266916770] [ros_gz_container]: 		 position
[component_container-3] [INFO] [1778405366.266925286] [ros_gz_container]: 			 found initial value: 1.571000
[component_container-3] [INFO] [1778405366.266933106] [ros_gz_container]: 		 velocity
[component_container-3] [INFO] [1778405366.266940733] [ros_gz_container]: 			 found initial value: 0.000000
[component_container-3] [INFO] [1778405366.266947860] [ros_gz_container]: 		 effort
[component_container-3] [INFO] [1778405366.266955537] [ros_gz_container]: 			 found initial value: 0.000000
[component_container-3] [INFO] [1778405366.266962601] [ros_gz_container]: 	Command:
[component_container-3] [INFO] [1778405366.266968926] [ros_gz_container]: 		 position
[component_container-3] [INFO] [1778405366.266978594] [ros_gz_container]: 		 velocity
[component_container-3] [INFO] [1778405366.266986870] [ros_gz_container]: 		 effort
[component_container-3] [INFO] [1778405366.267000156] [ros_gz_container]: Loading joint: wrist_3_joint
[component_container-3] [INFO] [1778405366.267006915] [ros_gz_container]: 	State:
[component_container-3] [INFO] [1778405366.267013432] [ros_gz_container]: 		 position
[component_container-3] [INFO] [1778405366.267021889] [ros_gz_container]: 			 found initial value: 1.411000
[component_container-3] [INFO] [1778405366.267029434] [ros_gz_container]: 		 velocity
[component_container-3] [INFO] [1778405366.267068531] [ros_gz_container]: 			 found initial value: 0.000000
[component_container-3] [INFO] [1778405366.267092730] [ros_gz_container]: 		 effort
[component_container-3] [INFO] [1778405366.267096469] [ros_gz_container]: 			 found initial value: 0.000000
[component_container-3] [INFO] [1778405366.267099488] [ros_gz_container]: 	Command:
[component_container-3] [INFO] [1778405366.267102031] [ros_gz_container]: 		 position
[component_container-3] [INFO] [1778405366.267114558] [ros_gz_container]: 		 velocity
[component_container-3] [INFO] [1778405366.267121614] [ros_gz_container]: 		 effort
[component_container-3] [INFO] [1778405366.267145202] [ros_gz_container]: Loading sensor: AtiForceTorqueSensor
[component_container-3] [INFO] [1778405366.267149392] [ros_gz_container]: 	State:
[component_container-3] [INFO] [1778405366.267156063] [ros_gz_container]: 		 force.x
[component_container-3] [INFO] [1778405366.267158853] [ros_gz_container]: 		 force.y
[component_container-3] [INFO] [1778405366.267161302] [ros_gz_container]: 		 force.z
[component_container-3] [INFO] [1778405366.267163527] [ros_gz_container]: 		 torque.x
[component_container-3] [INFO] [1778405366.267165785] [ros_gz_container]: 		 torque.y
[component_container-3] [INFO] [1778405366.267201866] [ros_gz_container]: 		 torque.z
[component_container-3] [INFO] [1778405366.267315688] [ros_gz_container]: Initialize hardware 'ControlSystem' 
[component_container-3] [WARN] [1778405366.267534470] [rcl.logging_rosout]: Publisher already registered for node name: 'ros_gz_container'. If this is due to multiple nodes with the same name then all logs for the logger named 'ros_gz_container' will go out over the existing publisher. As soon as any node with that name is destructed it will unregister the publisher, preventing any further logs for that name from being published on the rosout topic.
[component_container-3] [INFO] [1778405366.269423611] [ros_gz_container.hardware_component.system.ControlSystem]: `status_publish_rate` is set to 0.0, hardware status publisher will not be created.
[component_container-3] [INFO] [1778405366.269630184] [ros_gz_container]: Successful initialization of hardware 'ControlSystem'
[component_container-3] [INFO] [1778405366.270192708] [resource_manager]: 'configure' hardware 'ControlSystem' 
[component_container-3] [INFO] [1778405366.270221000] [ros_gz_container]: System Successfully configured!
[component_container-3] [INFO] [1778405366.270238372] [resource_manager]: Successful 'configure' of hardware 'ControlSystem'
[component_container-3] [INFO] [1778405366.270253208] [resource_manager]: 'activate' hardware 'ControlSystem' 
[component_container-3] [INFO] [1778405366.270315693] [resource_manager]: Successful 'activate' of hardware 'ControlSystem'
[component_container-3] [INFO] [1778405366.270458079] [resource_manager]: 'configure' hardware 'gripper' 
[component_container-3] [INFO] [1778405366.270463789] [ros_gz_container]: System Successfully configured!
[component_container-3] [INFO] [1778405366.270468524] [resource_manager]: Successful 'configure' of hardware 'gripper'
[component_container-3] [INFO] [1778405366.270470954] [resource_manager]: 'activate' hardware 'gripper' 
[component_container-3] [INFO] [1778405366.270473354] [resource_manager]: Successful 'activate' of hardware 'gripper'
[component_container-3] [WARN] [1778405366.270487370] [controller_manager]: Component 'ControlSystem' does not have read or write statistics initialized, skipping registration.
[component_container-3] [WARN] [1778405366.270499079] [controller_manager]: Component 'gripper' does not have read or write statistics initialized, skipping registration.
[component_container-3] [INFO] [1778405366.270507117] [controller_manager]: Resource Manager has been successfully initialized. Starting Controller Manager services...
[component_container-3] [INFO] [1778405366.350576542] [controller_manager]: Loading controller : 'joint_state_broadcaster' of type 'joint_state_broadcaster/JointStateBroadcaster'
[component_container-3] [INFO] [1778405366.350657786] [controller_manager]: Loading controller 'joint_state_broadcaster'
[component_container-3] [INFO] [1778405366.354251743] [controller_manager]: Controller 'joint_state_broadcaster' node arguments: --ros-args --params-file /ws_aic/install/share/aic_bringup/config/aic_ros2_controllers.yaml -p use_sim_time:=true --param use_sim_time:=true 
[spawner-7] [INFO] [1778405366.375428393] [spawner_joint_state_broadcaster]: Loaded joint_state_broadcaster
[component_container-3] [INFO] [1778405366.376822200] [controller_manager]: Configuring controller: 'joint_state_broadcaster'
[component_container-3] [INFO] [1778405366.377011854] [joint_state_broadcaster]: 'joints' or 'interfaces' parameter is empty. All available state interfaces will be published
[component_container-3] [INFO] [1778405366.385498691] [controller_manager]: Activating controllers: [ joint_state_broadcaster ]
[component_container-3] [INFO] [1778405366.385610736] [controller_manager]: Requested controller switch from non-realtime loop
[component_container-3] [INFO] [1778405366.386012286] [controller_manager]: Successfully switched controllers!
[component_container-3] (2026-05-10 02:29:28.253) [debug] [SystemManager.cc:80] Loaded system [gz_ros2_control::GazeboSimROS2ControlPlugin] for entity [31]
[component_container-3] (2026-05-10 02:29:28.262) [debug] [SystemManager.cc:80] Loaded system [gz::sim::systems::ForceTorque] for entity [31]
[component_container-3] (2026-05-10 02:29:28.265) [debug] [OffLimitContactsPlugin.cc:41] aic_gazebo::OffLimitContactsPlugin::Configure on entity: 31
[component_container-3] (2026-05-10 02:29:28.265) [debug] [OffLimitContactsPlugin.cc:165] Enabled collision [34]
[component_container-3] (2026-05-10 02:29:28.265) [debug] [OffLimitContactsPlugin.cc:165] Enabled collision [37]
[component_container-3] (2026-05-10 02:29:28.265) [debug] [OffLimitContactsPlugin.cc:165] Enabled collision [40]
[component_container-3] (2026-05-10 02:29:28.265) [debug] [OffLimitContactsPlugin.cc:165] Enabled collision [43]
[component_container-3] (2026-05-10 02:29:28.265) [debug] [OffLimitContactsPlugin.cc:165] Enabled collision [46]
[component_container-3] (2026-05-10 02:29:28.265) [debug] [OffLimitContactsPlugin.cc:165] Enabled collision [49]
[component_container-3] (2026-05-10 02:29:28.265) [debug] [OffLimitContactsPlugin.cc:165] Enabled collision [57]
[component_container-3] (2026-05-10 02:29:28.265) [debug] [OffLimitContactsPlugin.cc:165] Enabled collision [58]
[component_container-3] (2026-05-10 02:29:28.265) [debug] [OffLimitContactsPlugin.cc:165] Enabled collision [59]
[component_container-3] (2026-05-10 02:29:28.265) [debug] [OffLimitContactsPlugin.cc:165] Enabled collision [60]
[component_container-3] (2026-05-10 02:29:28.265) [debug] [OffLimitContactsPlugin.cc:165] Enabled collision [61]
[component_container-3] (2026-05-10 02:29:28.265) [debug] [OffLimitContactsPlugin.cc:165] Enabled collision [62]
[component_container-3] (2026-05-10 02:29:28.265) [debug] [OffLimitContactsPlugin.cc:165] Enabled collision [63]
[component_container-3] (2026-05-10 02:29:28.265) [debug] [OffLimitContactsPlugin.cc:165] Enabled collision [64]
[component_container-3] (2026-05-10 02:29:28.265) [debug] [OffLimitContactsPlugin.cc:165] Enabled collision [65]
[component_container-3] (2026-05-10 02:29:28.265) [debug] [OffLimitContactsPlugin.cc:165] Enabled collision [66]
[component_container-3] (2026-05-10 02:29:28.265) [debug] [OffLimitContactsPlugin.cc:165] Enabled collision [67]
[component_container-3] (2026-05-10 02:29:28.265) [debug] [OffLimitContactsPlugin.cc:165] Enabled collision [68]
[component_container-3] (2026-05-10 02:29:28.265) [debug] [OffLimitContactsPlugin.cc:165] Enabled collision [69]
[component_container-3] (2026-05-10 02:29:28.265) [debug] [OffLimitContactsPlugin.cc:165] Enabled collision [70]
[component_container-3] (2026-05-10 02:29:28.265) [debug] [OffLimitContactsPlugin.cc:165] Enabled collision [71]
[component_container-3] (2026-05-10 02:29:28.265) [debug] [OffLimitContactsPlugin.cc:165] Enabled collision [72]
[component_container-3] (2026-05-10 02:29:28.265) [debug] [OffLimitContactsPlugin.cc:165] Enabled collision [73]
[component_container-3] (2026-05-10 02:29:28.265) [debug] [OffLimitContactsPlugin.cc:165] Enabled collision [74]
[component_container-3] (2026-05-10 02:29:28.265) [debug] [OffLimitContactsPlugin.cc:165] Enabled collision [75]
[component_container-3] (2026-05-10 02:29:28.265) [debug] [OffLimitContactsPlugin.cc:165] Enabled collision [81]
[component_container-3] (2026-05-10 02:29:28.265) [debug] [OffLimitContactsPlugin.cc:165] Enabled collision [82]
[component_container-3] (2026-05-10 02:29:28.265) [debug] [OffLimitContactsPlugin.cc:165] Enabled collision [85]
[component_container-3] (2026-05-10 02:29:28.265) [debug] [OffLimitContactsPlugin.cc:165] Enabled collision [86]
[component_container-3] (2026-05-10 02:29:28.265) [debug] [OffLimitContactsPlugin.cc:165] Enabled collision [87]
[component_container-3] (2026-05-10 02:29:28.265) [debug] [OffLimitContactsPlugin.cc:165] Enabled collision [88]
[component_container-3] (2026-05-10 02:29:28.265) [debug] [OffLimitContactsPlugin.cc:165] Enabled collision [91]
[component_container-3] (2026-05-10 02:29:28.265) [debug] [OffLimitContactsPlugin.cc:165] Enabled collision [92]
[component_container-3] (2026-05-10 02:29:28.265) [debug] [OffLimitContactsPlugin.cc:165] Enabled collision [93]
[component_container-3] (2026-05-10 02:29:28.265) [debug] [OffLimitContactsPlugin.cc:165] Enabled collision [94]
[component_container-3] (2026-05-10 02:29:28.265) [debug] [SystemManager.cc:80] Loaded system [aic_gazebo::OffLimitContactsPlugin] for entity [31]
[component_container-3] (2026-05-10 02:29:28.269) [debug] [ResetJointsPlugin.cc:40] aic_gazebo::ResetJointsPlugin::Configure on entity: 31
[component_container-3] [WARN] [1778405368.270087456] [rcl.logging_rosout]: Publisher already registered for node name: 'ros_gz_container'. If this is due to multiple nodes with the same name then all logs for the logger named 'ros_gz_container' will go out over the existing publisher. As soon as any node with that name is destructed it will unregister the publisher, preventing any further logs for that name from being published on the rosout topic.
[component_container-3] (2026-05-10 02:29:28.274) [info] [ResetJointsPlugin.cc:117] Initialized ResetJointsPlugin!
[component_container-3] (2026-05-10 02:29:28.274) [debug] [SystemManager.cc:80] Loaded system [aic_gazebo::ResetJointsPlugin] for entity [31]
[component_container-3] (2026-05-10 02:29:28.274) [debug] [UserCommands.cc:1108] Created entity [31] named [ur5e]
[component_container-3] (2026-05-10 02:29:28.289) [debug] [Physics.cc:1171] Attempting to set physics options, but the physics engine doesn't support feature [CollisionPairMaxContacts]. Options will be ignored.
[component_container-3] (2026-05-10 02:29:28.309) [debug] [Sensors.cc:953] Initialization needed
[component_container-3] (2026-05-10 02:29:28.309) [debug] [Sensors.cc:349] Initializing render context
[component_container-3] (2026-05-10 02:29:28.310) [info] [RenderEngineManager.cc:514] Loading plugin [gz-rendering-ogre2]
[component_container-3] (2026-05-10 02:29:28.310) [info] [SceneBroadcaster.cc:634] Serving scene information on [/world/aic_world/scene/info]
[component_container-3] (2026-05-10 02:29:28.310) [info] [SceneBroadcaster.cc:643] Serving graph information on [/world/aic_world/scene/graph]
[component_container-3] (2026-05-10 02:29:28.311) [info] [SceneBroadcaster.cc:654] Serving full state on [/world/aic_world/state]
[component_container-3] (2026-05-10 02:29:28.311) [info] [SceneBroadcaster.cc:663] Serving full state (async) on [/world/aic_world/state_async]
[component_container-3] (2026-05-10 02:29:28.311) [info] [SceneBroadcaster.cc:671] Publishing scene information on [/world/aic_world/scene/info]
[component_container-3] (2026-05-10 02:29:28.311) [info] [SceneBroadcaster.cc:680] Publishing entity deletions on [/world/aic_world/scene/deletion]
[component_container-3] (2026-05-10 02:29:28.311) [info] [SceneBroadcaster.cc:689] Publishing state changes on [/world/aic_world/state]
[component_container-3] (2026-05-10 02:29:28.311) [info] [SceneBroadcaster.cc:700] Publishing pose messages on [/world/aic_world/pose/info]
[component_container-3] (2026-05-10 02:29:28.312) [info] [SceneBroadcaster.cc:711] Publishing dynamic pose messages on [/world/aic_world/dynamic_pose/info]
[component_container-3] (2026-05-10 02:29:28.312) [debug] [EntityComponentManager.cc:1676] Updated state thread iterators: 22 threads processing around 6 entities each.
[component_container-3] (2026-05-10 02:29:28.358) [debug] [SimulationRunner.cc:600] Exiting postupdate worker thread (3)
[component_container-3] (2026-05-10 02:29:28.358) [debug] [SimulationRunner.cc:600] Exiting postupdate worker thread (2)
[component_container-3] (2026-05-10 02:29:28.358) [debug] [SimulationRunner.cc:600] Exiting postupdate worker thread (1)
[component_container-3] (2026-05-10 02:29:28.358) [debug] [SimulationRunner.cc:600] Exiting postupdate worker thread (0)
[component_container-3] (2026-05-10 02:29:28.358) [debug] [SimulationRunner.cc:573] Creating PostUpdate worker threads: 6
[component_container-3] (2026-05-10 02:29:28.358) [debug] [SimulationRunner.cc:584] Creating postupdate worker thread (0)
[component_container-3] (2026-05-10 02:29:28.359) [debug] [SimulationRunner.cc:584] Creating postupdate worker thread (1)
[component_container-3] (2026-05-10 02:29:28.359) [debug] [SimulationRunner.cc:584] Creating postupdate worker thread (2)
[component_container-3] (2026-05-10 02:29:28.359) [debug] [SimulationRunner.cc:584] Creating postupdate worker thread (3)
[component_container-3] (2026-05-10 02:29:28.359) [debug] [SimulationRunner.cc:584] Creating postupdate worker thread (4)
[component_container-3] (2026-05-10 02:29:28.363) [debug] [EntityComponentManager.cc:1676] Updated state thread iterators: 22 threads processing around 6 entities each.
[spawner-7] [INFO] [1778405368.364584220] [spawner_joint_state_broadcaster]: Configured and activated joint_state_broadcaster
[aic_engine-6] [INFO] [1778405368.365161102] [aic_engine]: Clock found successfully.
[aic_engine-6] [INFO] [1778405368.389990158] [aic_engine]: Retrieved home joint position from config: [shoulder_pan_joint]: -0.159700
[aic_engine-6] [INFO] [1778405368.390106076] [aic_engine]: Retrieved home joint position from config: [shoulder_lift_joint]: -1.354200
[aic_engine-6] [INFO] [1778405368.390125992] [aic_engine]: Retrieved home joint position from config: [elbow_joint]: -1.664800
[aic_engine-6] [INFO] [1778405368.390137307] [aic_engine]: Retrieved home joint position from config: [wrist_1_joint]: -1.693300
[aic_engine-6] [INFO] [1778405368.390147730] [aic_engine]: Retrieved home joint position from config: [wrist_2_joint]: 1.571000
[aic_engine-6] [INFO] [1778405368.390169170] [aic_engine]: Retrieved home joint position from config: [wrist_3_joint]: 1.411000
[aic_engine-6] [INFO] [1778405368.390196606] [aic_engine]: Pre-built home messages for robot homing.
[aic_engine-6] [INFO] [1778405368.395589014] [aic_engine]: Bag output directory: /home/ashutokumar/aic_results/cc15c_recovery_20260510_022915
[aic_engine-6] [INFO] [1778405368.395713976] [aic_engine]: [1;32m✓ AIC Engine initialized successfully![0m
[aic_engine-6] [INFO] [1778405368.395734173] [aic_engine]:  
[aic_engine-6] [INFO] [1778405368.395742847] [aic_engine]: [1;35m╔════════════════════════════════════════╗[0m
[aic_engine-6] [INFO] [1778405368.395751196] [aic_engine]: [1;35m║      Starting AIC Engine Run           ║[0m
[aic_engine-6] [INFO] [1778405368.395757583] [aic_engine]: [1;35m║   Total Trials: 3                      ║[0m
[aic_engine-6] [INFO] [1778405368.395764774] [aic_engine]: [1;35m╚════════════════════════════════════════╝[0m
[aic_engine-6] [INFO] [1778405368.395772195] [aic_engine]:  
[aic_engine-6] [INFO] [1778405368.395820165] [aic_engine]:  
[aic_engine-6] [INFO] [1778405368.395868067] [aic_engine]: [1;33m━━━━━━━━━━━━━━━━━━━━━━━━━━━━━━━━━━━━━━━━[0m
[aic_engine-6] [INFO] [1778405368.395878453] [aic_engine]: [1;33m  Trial 1/3: trial_1[0m
[aic_engine-6] [INFO] [1778405368.395885806] [aic_engine]: [1;33m━━━━━━━━━━━━━━━━━━━━━━━━━━━━━━━━━━━━━━━━[0m
[aic_engine-6] [INFO] [1778405368.395892788] [aic_engine]: [1;36m→ Starting trial 'trial_1'...[0m
[aic_engine-6] [INFO] [1778405368.395902712] [aic_engine]: Checking participant model readiness...
[aic_engine-6] [INFO] [1778405368.395965308] [aic_engine]: No node with name 'aic_model' found. Retrying...
[component_container-3] [INFO] [1778405368.427450322] [controller_manager]: Loading controller : 'fts_broadcaster' of type 'force_torque_sensor_broadcaster/ForceTorqueSensorBroadcaster'
[component_container-3] [INFO] [1778405368.427521649] [controller_manager]: Loading controller 'fts_broadcaster'
[component_container-3] [INFO] [1778405368.432103960] [controller_manager]: Controller 'fts_broadcaster' node arguments: --ros-args --params-file /ws_aic/install/share/aic_bringup/config/aic_ros2_controllers.yaml -p use_sim_time:=true --param use_sim_time:=true 
[component_container-3] [1;33mWarning [Utils.cc:119][0m [/sdf/model[@name="ur"]/link[@name="center_camera/sensor_link"]/sensor[@name="center_camera"]/camera[@name="center_camera"]/optical_frame_id]: SDF Element[optical_frame_id] is deprecated
[gz-4] [1;33mWarning [Utils.cc:119][0m [/sdf/model[@name="ur"]/link[@name="center_camera/sensor_link"]/sensor[@name="center_camera"]/camera[@name="center_camera"]/optical_frame_id]: SDF Element[optical_frame_id] is deprecated
[component_container-3] [1;33mWarning [Utils.cc:119][0m [/sdf/model[@name="ur"]/link[@name="left_camera/sensor_link"]/sensor[@name="left_camera"]/camera[@name="left_camera"]/optical_frame_id]: SDF Element[optical_frame_id] is deprecated
[component_container-3] [1;33mWarning [Utils.cc:119][0m [/sdf/model[@name="ur"]/link[@name="right_camera/sensor_link"]/sensor[@name="right_camera"]/camera[@name="right_camera"]/optical_frame_id]: SDF Element[optical_frame_id] is deprecated
[gz-4] [1;33mWarning [Utils.cc:119][0m [/sdf/model[@name="ur"]/link[@name="left_camera/sensor_link"]/sensor[@name="left_camera"]/camera[@name="left_camera"]/optical_frame_id]: SDF Element[optical_frame_id] is deprecated
[INFO] [spawner-7]: process has finished cleanly [pid 38764]
[gz-4] [1;33mWarning [Utils.cc:119][0m [/sdf/model[@name="ur"]/link[@name="right_camera/sensor_link"]/sensor[@name="right_camera"]/camera[@name="right_camera"]/optical_frame_id]: SDF Element[optical_frame_id] is deprecated
[INFO] [spawner-9]: process started with pid [39084]
[component_container-3] [INFO] [1778405368.524994284] [gz_server]: InitializeCanonicalLinks
[component_container-3] [INFO] [1778405368.525509050] [gz_server]: Creating services on gz_server
[component_container-3] [INFO] [1778405368.526950998] [gz_server]: Created service /gz_server/delete_entity
[component_container-3] [INFO] [1778405368.527347318] [gz_server]: Created service /gz_server/get_entities
[component_container-3] [INFO] [1778405368.528053976] [gz_server]: Created service /gz_server/get_entity_info
[component_container-3] [INFO] [1778405368.528693047] [gz_server]: Created service /gz_server/get_entity_state
[component_container-3] [INFO] [1778405368.529055153] [gz_server]: Created service /gz_server/get_entities_states
[component_container-3] [INFO] [1778405368.529366090] [gz_server]: Created service /gz_server/get_simulation_state
[component_container-3] [INFO] [1778405368.529634994] [gz_server]: Created service /gz_server/get_simulator_features
[component_container-3] [INFO] [1778405368.529918233] [gz_server]: Created service /gz_server/reset_simulation
[component_container-3] [INFO] [1778405368.530261255] [gz_server]: Created service /gz_server/set_entity_state
[component_container-3] [INFO] [1778405368.530731482] [gz_server]: Created service /gz_server/set_simulation_state
[component_container-3] [INFO] [1778405368.531039564] [gz_server]: Created service /gz_server/spawn_entity
[component_container-3] [INFO] [1778405368.531273791] [gz_server]: Created service /gz_server/step_simulation
[component_container-3] [INFO] [1778405368.532834524] [gz_server]: Created action /gz_server/simulate_steps
[component_container-3] (2026-05-10 02:29:28.638) [debug] [RenderUtil.cc:2646] Create scene [scene]
[component_container-3] (2026-05-10 02:29:32.640) [debug] [Sensors.cc:391] Rendering Thread initialized
[component_container-3] (2026-05-10 02:29:32.640) [debug] [Sensors.cc:953] Initialization needed
[component_container-3] (2026-05-10 02:29:32.692) [info] [ApplyLinkWrench.cc:209] Listening to instantaneous wrench commands in [/world/aic_world/wrench]
[component_container-3] (2026-05-10 02:29:32.692) [info] [ApplyLinkWrench.cc:220] Listening to persistent wrench commands in [/world/aic_world/wrench/persistent]
[component_container-3] (2026-05-10 02:29:32.693) [info] [ApplyLinkWrench.cc:231] Listening to wrench clear commands in [/world/aic_world/wrench/clear]
[component_container-3] (2026-05-10 02:29:32.693) [debug] [SystemManager.cc:80] Loaded system [gz::sim::systems::ApplyLinkWrench] for entity [1]
[component_container-3] (2026-05-10 02:29:32.693) [debug] [ForceTorque.cc:162] Adding JointTransmittedWrench to: 110
[component_container-3] [INFO] [1778405372.716563854] [ros_gz_container]: ForceTorque AtiForceTorqueSensor has a topic name: /axia80_m20/wrench
[component_container-3] [INFO] [1778405372.717181188] [ros_gz_container]: ForceTorque AtiForceTorqueSensor has a topic name: /axia80_m20/wrench
[spawner-8] [INFO] [1778405372.851952248] [spawner_fts_broadcaster]: Loaded fts_broadcaster
[component_container-3] [INFO] [1778405372.863135328] [controller_manager]: Configuring controller: 'fts_broadcaster'
[component_container-3] [INFO] [1778405372.890302945] [fts_broadcaster]: configure successful
[component_container-3] (2026-05-10 02:29:34.121) [debug] [CameraSensor.cc:342] Camera images for [ur5e::center_camera/sensor_link::center_camera] advertised on [/center_camera/image]
[component_container-3] (2026-05-10 02:29:34.121) [debug] [CameraSensor.cc:632] Camera info for [ur5e::center_camera/sensor_link::center_camera] advertised on [/center_camera/camera_info]
[component_container-3] (2026-05-10 02:29:34.121) [warning] [Ogre2Camera.cc:423] Ogre2Camera::SetVisibilityMask: Mask bits c0000000 are set but will be ignored as they conflict with the reserved bits used internally by the ogre2 backend.
[component_container-3] (2026-05-10 02:29:34.122) [debug] [CameraSensor.cc:342] Camera images for [ur5e::left_camera/sensor_link::left_camera] advertised on [/left_camera/image]
[component_container-3] (2026-05-10 02:29:34.122) [debug] [CameraSensor.cc:632] Camera info for [ur5e::left_camera/sensor_link::left_camera] advertised on [/left_camera/camera_info]
[component_container-3] (2026-05-10 02:29:34.122) [warning] [Ogre2Camera.cc:423] Ogre2Camera::SetVisibilityMask: Mask bits c0000000 are set but will be ignored as they conflict with the reserved bits used internally by the ogre2 backend.
[component_container-3] (2026-05-10 02:29:34.122) [debug] [CameraSensor.cc:342] Camera images for [ur5e::right_camera/sensor_link::right_camera] advertised on [/right_camera/image]
[component_container-3] (2026-05-10 02:29:34.122) [debug] [CameraSensor.cc:632] Camera info for [ur5e::right_camera/sensor_link::right_camera] advertised on [/right_camera/camera_info]
[component_container-3] (2026-05-10 02:29:34.122) [warning] [Ogre2Camera.cc:423] Ogre2Camera::SetVisibilityMask: Mask bits c0000000 are set but will be ignored as they conflict with the reserved bits used internally by the ogre2 backend.
[spawner-9] [WARN] [1778405388.846334674] [ros2_control_controller_spawner_aic_controller]: Attempt 1 failed. Retrying in 3 seconds...
[component_container-3] (2026-05-10 02:29:55.745) [debug] [CameraSensor.cc:441] Enabling camera sensor: 'ur5e::center_camera/sensor_link::center_camera' data generation.
[component_container-3] (2026-05-10 02:29:57.359) [debug] [CameraSensor.cc:441] Enabling camera sensor: 'ur5e::left_camera/sensor_link::left_camera' data generation.
[component_container-3] (2026-05-10 02:29:58.822) [debug] [CameraSensor.cc:441] Enabling camera sensor: 'ur5e::right_camera/sensor_link::right_camera' data generation.
[component_container-3] (2026-05-10 02:30:00.098) [debug] [SimulationRunner.cc:600] Exiting postupdate worker thread (0)
[component_container-3] (2026-05-10 02:30:00.099) [debug] [SimulationRunner.cc:600] Exiting postupdate worker thread (4)
[component_container-3] (2026-05-10 02:30:00.099) [debug] [SimulationRunner.cc:600] Exiting postupdate worker thread (3)
[component_container-3] (2026-05-10 02:30:00.098) [debug] [SimulationRunner.cc:600] Exiting postupdate worker thread (2)
[component_container-3] (2026-05-10 02:30:00.099) [debug] [SimulationRunner.cc:600] Exiting postupdate worker thread (1)
[component_container-3] (2026-05-10 02:30:00.128) [debug] [SimulationRunner.cc:573] Creating PostUpdate worker threads: 6
[component_container-3] (2026-05-10 02:30:00.128) [debug] [SimulationRunner.cc:584] Creating postupdate worker thread (0)
[component_container-3] (2026-05-10 02:30:00.128) [debug] [SimulationRunner.cc:584] Creating postupdate worker thread (1)
[component_container-3] (2026-05-10 02:30:00.128) [debug] [SimulationRunner.cc:584] Creating postupdate worker thread (2)
[component_container-3] (2026-05-10 02:30:00.128) [debug] [SimulationRunner.cc:584] Creating postupdate worker thread (3)
[component_container-3] (2026-05-10 02:30:00.128) [debug] [SimulationRunner.cc:584] Creating postupdate worker thread (4)
[component_container-3] [INFO] [1778405400.160641951] [controller_manager]: Activating controllers: [ fts_broadcaster ]
[component_container-3] [INFO] [1778405400.160747891] [controller_manager]: Requested controller switch from non-realtime loop
[component_container-3] [INFO] [1778405400.160837500] [controller_manager]: Successfully switched controllers!
[spawner-8] [INFO] [1778405400.179495127] [spawner_fts_broadcaster]: Configured and activated fts_broadcaster
[component_container-3] [INFO] [1778405400.286113908] [controller_manager]: Loading controller : 'aic_controller' of type 'aic/Controller'
[component_container-3] [INFO] [1778405400.286229880] [controller_manager]: Loading controller 'aic_controller'
[component_container-3] [INFO] [1778405400.326123183] [controller_manager]: Controller 'aic_controller' node arguments: --ros-args --params-file /ws_aic/install/share/aic_bringup/config/aic_ros2_controllers.yaml -p use_sim_time:=true --param use_sim_time:=true 
[INFO] [spawner-8]: process has finished cleanly [pid 38765]
[component_container-3] (2026-05-10 02:30:01.384) [debug] [WorldSdfGeneratorPlugin.cc:79] Saving world: aic_world to: /tmp/aic.sdf
[component_container-3] (2026-05-10 02:30:01.413) [info] [WorldSdfGeneratorPlugin.cc:84] World saved to /tmp/aic.sdf
[spawner-9] [INFO] [1778405404.795638680] [spawner_aic_controller]: Loaded aic_controller
[component_container-3] [INFO] [1778405404.797317727] [controller_manager]: Configuring controller: 'aic_controller'
[component_container-3] [INFO] [1778405404.797546260] [aic_controller]: Control mode set to impedance
[component_container-3] [INFO] [1778405404.797597145] [aic_controller]: Target mode set to Cartesian. Accepting MotionUpdate targets.
[component_container-3] [INFO] [1778405404.838579651] [controller_manager]: Activating controllers: [ aic_controller ]
[component_container-3] [INFO] [1778405404.838808311] [controller_manager]: Requested controller switch from non-realtime loop
[component_container-3] [INFO] [1778405404.838980202] [controller_manager]: Successfully switched controllers!
[component_container-3] (2026-05-10 02:30:04.839) [warning] [Component.hh:144] Trying to serialize component with data type [St6vectorIdSaIdEE], which doesn't have `operator<<`. Component will not be serialized.
[component_container-3] (2026-05-10 02:30:04.840) [warning] [Component.hh:189] Trying to deserialize component with data type [St6vectorIdSaIdEE], which doesn't have `operator>>`. Component will not be deserialized.
[spawner-9] [INFO] [1778405404.841362067] [spawner_aic_controller]: Configured and activated all the parsed controllers list : ['aic_controller']!
[INFO] [spawner-9]: process has finished cleanly [pid 39084]
