ZENOH_CONFIG_OVERRIDE_ROUTER=mode="router";listen/endpoints=["tcp/[::]:7447"];connect/endpoints=[];routing/router/peers_failover_brokering=true;transport/shared_memory/enabled=false
ZENOH_CONFIG_OVERRIDE_PEER=;transport/shared_memory/enabled=false
[INFO] [launch]: All log files can be found below /home/ashutokumar/.ros/log/2026-05-13-22-39-06-431848-NV-7WXCW94-71009
[INFO] [launch]: Default logging verbosity is set to INFO
Started Zenoh router with id a0ddbd0377ae02d431fdb56e7861db0d
[INFO] [robot_state_publisher-1]: process started with pid [71125]
[INFO] [aic_adapter-2]: process started with pid [71126]
[INFO] [component_container-3]: process started with pid [71127]
[INFO] [gz-4]: process started with pid [71128]
[INFO] [create-5]: process started with pid [71129]
[INFO] [aic_engine-6]: process started with pid [71130]
[aic_adapter-2] [INFO] [1778737145.227564617] [aic_adapter_node]: Adapter node initialization complete.
[component_container-3] [INFO] [1778737145.230129213] [ros_gz_container]: Load Library: /ws_aic/install/lib/libgzserver_component.so
[robot_state_publisher-1] [INFO] [1778737145.230760430] [robot_state_publisher]: Robot initialized
[aic_engine-6] [INFO] [1778737145.234492121] [aic_engine]: Creating AIC Engine...
[aic_engine-6] [INFO] [1778737145.234787957] [aic_engine]: Scoring output directory set to: /home/ashutokumar/aic_results/cc15c_recovery_20260513_223857
[aic_engine-6] [INFO] [1778737145.234983276] [aic_engine]: [1;36m╔════════════════════════════════════════╗[0m
[aic_engine-6] [INFO] [1778737145.234995837] [aic_engine]: [1;36m║   Initializing AIC Engine...           ║[0m
[aic_engine-6] [INFO] [1778737145.234998584] [aic_engine]: [1;36m╚════════════════════════════════════════╝[0m
[aic_engine-6] [INFO] [1778737145.239951455] [aic_engine]: Successfully parsed trial 'trial_1'
[aic_engine-6] [INFO] [1778737145.240144673] [aic_engine]: Successfully parsed trial 'trial_2'
[aic_engine-6] [INFO] [1778737145.240204022] [aic_engine]: Successfully parsed trial 'trial_3'
[aic_engine-6] [INFO] [1778737145.240210164] [aic_engine]: Successfully parsed 3 trial(s)
[aic_engine-6] [INFO] [1778737145.240241880] [aic_engine]: Waiting for clock
[component_container-3] [INFO] [1778737145.308224198] [ros_gz_container]: Found class: rclcpp_components::NodeFactoryTemplate<ros_gz_sim::GzServer>
[component_container-3] [INFO] [1778737145.308318767] [ros_gz_container]: Instantiate class: rclcpp_components::NodeFactoryTemplate<ros_gz_sim::GzServer>
[component_container-3] [INFO] [1778737145.311275000] [ros_gz_container]: Load Library: /ws_aic/install/lib/libros_gz_bridge.so
[INFO] [launch_ros.actions.load_composable_nodes]: Loaded node '/gz_server' in container '/ros_gz_container'
[create-5] [INFO] [1778737145.321303564] [ros_gz_sim]: Requesting list of world names.
[component_container-3] [INFO] [1778737145.379064203] [ros_gz_container]: Found class: rclcpp_components::NodeFactoryTemplate<ros_gz_bridge::RosGzBridge>
[component_container-3] [INFO] [1778737145.379165542] [ros_gz_container]: Instantiate class: rclcpp_components::NodeFactoryTemplate<ros_gz_bridge::RosGzBridge>
[INFO] [launch_ros.actions.load_composable_nodes]: Loaded node '/ros_gz_bridge' in container 'ros_gz_container'
[component_container-3] (2026-05-13 22:39:05.426) [info] [ServerPrivate.cc:664] Loading SDF world file[/ws_aic/install/share/aic_description/world/aic.sdf].
[gz-4] QStandardPaths: wrong permissions on runtime directory /run/user/1000/, 0755 instead of 0700
[component_container-3] [INFO] [1778737146.384373959] [ros_gz_bridge]: Creating GZ->ROS Bridge: [/clock (gz.msgs.Clock) -> /clock (rosgraph_msgs/msg/Clock)] (Lazy 0)
[component_container-3] [INFO] [1778737146.385847402] [ros_gz_bridge]: Creating GZ->ROS Bridge: [/left_camera/image (gz.msgs.Image) -> /left_camera/image (sensor_msgs/msg/Image)] (Lazy 1)
[component_container-3] [INFO] [1778737146.386884151] [ros_gz_bridge]: Creating GZ->ROS Bridge: [/center_camera/image (gz.msgs.Image) -> /center_camera/image (sensor_msgs/msg/Image)] (Lazy 1)
[component_container-3] [INFO] [1778737146.387100658] [ros_gz_bridge]: Creating GZ->ROS Bridge: [/right_camera/image (gz.msgs.Image) -> /right_camera/image (sensor_msgs/msg/Image)] (Lazy 1)
[component_container-3] [INFO] [1778737146.387224814] [ros_gz_bridge]: Creating GZ->ROS Bridge: [/left_camera/camera_info (gz.msgs.CameraInfo) -> /left_camera/camera_info (sensor_msgs/msg/CameraInfo)] (Lazy 1)
[component_container-3] [INFO] [1778737146.388150405] [ros_gz_bridge]: Creating GZ->ROS Bridge: [/center_camera/camera_info (gz.msgs.CameraInfo) -> /center_camera/camera_info (sensor_msgs/msg/CameraInfo)] (Lazy 1)
[component_container-3] [INFO] [1778737146.388781620] [ros_gz_bridge]: Creating GZ->ROS Bridge: [/right_camera/camera_info (gz.msgs.CameraInfo) -> /right_camera/camera_info (sensor_msgs/msg/CameraInfo)] (Lazy 1)
[component_container-3] [INFO] [1778737146.389349260] [ros_gz_bridge]: Creating GZ->ROS Bridge: [/aic/gazebo/contacts/off_limit (gz.msgs.Contacts) -> /aic/gazebo/contacts/off_limit (ros_gz_interfaces/msg/Contacts)] (Lazy 1)
[component_container-3] [INFO] [1778737146.390846649] [ros_gz_bridge]: Creating GZ->ROS Bridge: [/cable_0/pose (gz.msgs.Pose_V) -> /scoring/tf (tf2_msgs/msg/TFMessage)] (Lazy 1)
[component_container-3] [INFO] [1778737146.392260697] [ros_gz_bridge]: Creating GZ->ROS Bridge: [/cable_1/pose (gz.msgs.Pose_V) -> /scoring/tf (tf2_msgs/msg/TFMessage)] (Lazy 1)
[component_container-3] [INFO] [1778737146.393480646] [ros_gz_bridge]: Creating GZ->ROS Bridge: [/cable_2/pose (gz.msgs.Pose_V) -> /scoring/tf (tf2_msgs/msg/TFMessage)] (Lazy 1)
[component_container-3] [INFO] [1778737146.393832317] [ros_gz_bridge]: Creating GZ->ROS Bridge: [/cable_3/pose (gz.msgs.Pose_V) -> /scoring/tf (tf2_msgs/msg/TFMessage)] (Lazy 1)
[component_container-3] [INFO] [1778737146.394174779] [ros_gz_bridge]: Creating GZ->ROS Bridge: [/cable_4/pose (gz.msgs.Pose_V) -> /scoring/tf (tf2_msgs/msg/TFMessage)] (Lazy 1)
[component_container-3] [INFO] [1778737146.394491596] [ros_gz_bridge]: Creating GZ->ROS Bridge: [/task_board/pose_static (gz.msgs.Pose_V) -> /scoring/tf (tf2_msgs/msg/TFMessage)] (Lazy 1)
[component_container-3] [INFO] [1778737146.394760970] [ros_gz_bridge]: Creating GZ->ROS Bridge: [/cable_0/insertion_event (gz.msgs.StringMsg) -> /scoring/insertion_event (std_msgs/msg/String)] (Lazy 1)
[component_container-3] [INFO] [1778737146.395403092] [ros_gz_bridge]: Creating GZ->ROS Bridge: [/cable_1/insertion_event (gz.msgs.StringMsg) -> /scoring/insertion_event (std_msgs/msg/String)] (Lazy 1)
[component_container-3] (2026-05-13 22:39:07.386) [info] [SystemManager.cc:54] Serving entity system service on [/entity/system/add]
[component_container-3] (2026-05-13 22:39:07.393) [info] [UserCommands.cc:752] Create service on [/world/aic_world/create_multiple] (async)
[component_container-3] (2026-05-13 22:39:07.393) [info] [UserCommands.cc:754] Create service on [/world/aic_world/create_multiple/blocking] (blocking)
[component_container-3] (2026-05-13 22:39:07.393) [info] [UserCommands.cc:752] Remove service on [/world/aic_world/remove] (async)
[component_container-3] (2026-05-13 22:39:07.393) [info] [UserCommands.cc:754] Remove service on [/world/aic_world/remove/blocking] (blocking)
[component_container-3] (2026-05-13 22:39:07.393) [info] [UserCommands.cc:752] Pose service on [/world/aic_world/set_pose] (async)
[component_container-3] (2026-05-13 22:39:07.393) [info] [UserCommands.cc:754] Pose service on [/world/aic_world/set_pose/blocking] (blocking)
[component_container-3] (2026-05-13 22:39:07.393) [info] [UserCommands.cc:752] Pose service on [/world/aic_world/set_pose_vector] (async)
[component_container-3] (2026-05-13 22:39:07.393) [info] [UserCommands.cc:754] Pose service on [/world/aic_world/set_pose_vector/blocking] (blocking)
[component_container-3] (2026-05-13 22:39:07.393) [info] [UserCommands.cc:752] Light configuration service on [/world/aic_world/light_config] (async)
[component_container-3] (2026-05-13 22:39:07.393) [info] [UserCommands.cc:754] Light configuration service on [/world/aic_world/light_config/blocking] (blocking)
[component_container-3] (2026-05-13 22:39:07.394) [info] [UserCommands.cc:752] Physics service on [/world/aic_world/set_physics] (async)
[component_container-3] (2026-05-13 22:39:07.394) [info] [UserCommands.cc:754] Physics service on [/world/aic_world/set_physics/blocking] (blocking)
[component_container-3] (2026-05-13 22:39:07.394) [info] [UserCommands.cc:752] SphericalCoordinates service on [/world/aic_world/set_spherical_coordinates] (async)
[component_container-3] (2026-05-13 22:39:07.394) [info] [UserCommands.cc:754] SphericalCoordinates service on [/world/aic_world/set_spherical_coordinates/blocking] (blocking)
[component_container-3] (2026-05-13 22:39:07.394) [info] [UserCommands.cc:752] Enable collision service on [/world/aic_world/enable_collision] (async)
[component_container-3] (2026-05-13 22:39:07.394) [info] [UserCommands.cc:754] Enable collision service on [/world/aic_world/enable_collision/blocking] (blocking)
[component_container-3] (2026-05-13 22:39:07.394) [info] [UserCommands.cc:752] Disable collision service on [/world/aic_world/disable_collision] (async)
[component_container-3] (2026-05-13 22:39:07.394) [info] [UserCommands.cc:754] Disable collision service on [/world/aic_world/disable_collision/blocking] (blocking)
[component_container-3] (2026-05-13 22:39:07.394) [info] [UserCommands.cc:752] Material service on [/world/aic_world/visual_config] (async)
[component_container-3] (2026-05-13 22:39:07.394) [info] [UserCommands.cc:754] Material service on [/world/aic_world/visual_config/blocking] (blocking)
[component_container-3] (2026-05-13 22:39:07.395) [info] [UserCommands.cc:752] Material service on [/world/aic_world/wheel_slip] (async)
[component_container-3] (2026-05-13 22:39:07.395) [info] [UserCommands.cc:754] Material service on [/world/aic_world/wheel_slip/blocking] (blocking)
[component_container-3] (2026-05-13 22:39:07.395) [debug] [SystemManager.cc:80] Loaded system [gz::sim::systems::UserCommands] for entity [1]
[component_container-3] (2026-05-13 22:39:07.456) [debug] [Physics.cc:967] Loaded [gz::physics::bullet_featherstone::Plugin] from library [/ws_aic/install/lib/gz-physics-8/engine-plugins/libgz-physics-bullet-featherstone-plugin.so]
[component_container-3] (2026-05-13 22:39:07.456) [debug] [SystemManager.cc:80] Loaded system [gz::sim::systems::Physics] for entity [1]
[component_container-3] (2026-05-13 22:39:07.464) [debug] [Sensors.cc:697] Configuring Sensors system
[component_container-3] (2026-05-13 22:39:07.465) [debug] [Sensors.cc:557] SensorsPrivate::Run
[component_container-3] (2026-05-13 22:39:07.465) [debug] [SystemManager.cc:80] Loaded system [gz::sim::systems::Sensors] for entity [1]
[component_container-3] (2026-05-13 22:39:07.465) [debug] [Sensors.cc:532] SensorsPrivate::RenderThread started
[component_container-3] (2026-05-13 22:39:07.465) [debug] [Sensors.cc:337] Waiting for init
[component_container-3] (2026-05-13 22:39:07.466) [debug] [ScoringPlugin.cc:45] aic_gazebo::ScoringPlugin::Configure on entity: 1
[component_container-3] (2026-05-13 22:39:07.467) [debug] [SystemManager.cc:80] Loaded system [aic_gazebo::ScoringPlugin] for entity [1]
[component_container-3] (2026-05-13 22:39:07.468) [debug] [WorldSdfGeneratorPlugin.cc:47] aic_gazebo::WorldSdfGeneratorPlugin::Configure
[component_container-3] (2026-05-13 22:39:07.468) [debug] [SystemManager.cc:80] Loaded system [aic_gazebo::WorldSdfGeneratorPlugin] for entity [1]
[component_container-3] (2026-05-13 22:39:07.469) [debug] [SystemManager.cc:80] Loaded system [gz::sim::systems::Contact] for entity [1]
[component_container-3] (2026-05-13 22:39:07.469) [info] [LevelManager.cc:646] Loaded level [default]
[component_container-3] (2026-05-13 22:39:07.469) [debug] [ServerConfig.cc:1025] Loading (3) plugins from file [/home/ashutokumar/.gz/sim/9/server.config]
[component_container-3] (2026-05-13 22:39:07.469) [debug] [SimulationRunner.cc:1696] Additional plugins to load:
[component_container-3] (2026-05-13 22:39:07.469) [debug] [SimulationRunner.cc:1699] gz::sim::systems::SceneBroadcaster gz-sim-scene-broadcaster-system
[component_container-3] (2026-05-13 22:39:07.471) [debug] [SystemManager.cc:80] Loaded system [gz::sim::systems::SceneBroadcaster] for entity [1]
[component_container-3] (2026-05-13 22:39:07.471) [info] [SimulationRunner.cc:275] Serving world controls on [/world/aic_world/control], [/world/aic_world/control/state] and [/world/aic_world/playback/control]
[component_container-3] (2026-05-13 22:39:07.472) [info] [SimulationRunner.cc:301] Serving GUI information on [/world/aic_world/gui/info]
[component_container-3] (2026-05-13 22:39:07.472) [info] [SimulationRunner.cc:304] World [aic_world] initialized with [2ms] physics profile.
[component_container-3] (2026-05-13 22:39:07.472) [info] [SimulationRunner.cc:311] Serving world SDF generation service on [/world/aic_world/generate_world_sdf]
[component_container-3] (2026-05-13 22:39:07.472) [info] [ServerPrivate.cc:344] Serving world names on [/gazebo/worlds]
[component_container-3] (2026-05-13 22:39:07.472) [info] [ServerPrivate.cc:357] Resource path add service on [/gazebo/resource_paths/add].
[component_container-3] (2026-05-13 22:39:07.472) [info] [ServerPrivate.cc:370] Resource path get service on [/gazebo/resource_paths/get].
[component_container-3] (2026-05-13 22:39:07.472) [info] [ServerPrivate.cc:385] Resource path resolve service on [/gazebo/resource_paths/resolve].
[component_container-3] (2026-05-13 22:39:07.473) [info] [ServerPrivate.cc:399] Resource paths published on [/gazebo/resource_paths].
[component_container-3] (2026-05-13 22:39:07.582) [info] [ServerPrivate.cc:412] Server control service on [/server_control].
[component_container-3] (2026-05-13 22:39:07.691) [info] [SimulationRunner.cc:769] Found no publishers on /stats, adding root stats topic
[component_container-3] (2026-05-13 22:39:07.692) [info] [SimulationRunner.cc:803] Found no publishers on /clock, adding root clock topic
[create-5] [INFO] [1778737147.692403197] [ros_gz_sim]: Entity creation successful.
[component_container-3] (2026-05-13 22:39:07.692) [debug] [SimulationRunner.cc:573] Creating PostUpdate worker threads: 5
[component_container-3] (2026-05-13 22:39:07.692) [debug] [SimulationRunner.cc:584] Creating postupdate worker thread (0)
[component_container-3] (2026-05-13 22:39:07.692) [debug] [SimulationRunner.cc:584] Creating postupdate worker thread (1)
[component_container-3] (2026-05-13 22:39:07.692) [debug] [SimulationRunner.cc:584] Creating postupdate worker thread (2)
[component_container-3] (2026-05-13 22:39:07.692) [debug] [SimulationRunner.cc:584] Creating postupdate worker thread (3)
[gz-4] Stack trace (most recent call last) in thread 71233:
[gz-4] #9    Object "[0xffffffffffffffff]", at 0xffffffffffffffff, in 
[gz-4] #8    Object "/lib/x86_64-linux-gnu/libc.so.6", at 0x72df5f170c6b, in 
[gz-4] #7    Object "/lib/x86_64-linux-gnu/libc.so.6", at 0x72df5f0e3aa3, in 
[gz-4] #6    Object "/lib/x86_64-linux-gnu/libstdc++.so.6", at 0x72df5a086db3, in 
[gz-4] #5    Object "/ws_aic/install/lib/libgz-transport14.so.14", at 0x72df58d96821, in 
[gz-4] #4    Object "/ws_aic/install/lib/libgz-transport14.so.14", at 0x72df58d95b57, in 
[gz-4] #3    Object "/ws_aic/install/lib/libgz-transport14.so.14", at 0x72df58d94c04, in 
[gz-4] #2    Object "/ws_aic/install/lib/libgz-transport14.so.14", at 0x72df58d751a8, in 
[gz-4] #1    Object "/ws_aic/install/lib/libgz-transport14.so.14", at 0x72df58d563a4, in gz::transport::v14::env(std::__cxx11::basic_string<char, std::char_traits<char>, std::allocator<char> > const&, std::__cxx11::basic_string<char, std::char_traits<char>, std::allocator<char> >&)
[gz-4] #0    Object "/lib/x86_64-linux-gnu/libc.so.6", at 0x72df5f08f806, in getenv
[gz-4] Segmentation fault (Signal sent by the kernel [(nil)])
[INFO] [create-5]: process has finished cleanly [pid 71129]
[INFO] [spawner-7]: process started with pid [71314]
[INFO] [spawner-8]: process started with pid [71315]
[component_container-3] [1;33mWarning [Utils.cc:119][0m [/sdf/model[@name="ur"]/link[@name="center_camera/sensor_link"]/sensor[@name="center_camera"]/camera[@name="center_camera"]/optical_frame_id]: SDF Element[optical_frame_id] is deprecated
[component_container-3] [1;33mWarning [Utils.cc:119][0m [/sdf/model[@name="ur"]/link[@name="left_camera/sensor_link"]/sensor[@name="left_camera"]/camera[@name="left_camera"]/optical_frame_id]: SDF Element[optical_frame_id] is deprecated
[component_container-3] [1;33mWarning [Utils.cc:119][0m [/sdf/model[@name="ur"]/link[@name="right_camera/sensor_link"]/sensor[@name="right_camera"]/camera[@name="right_camera"]/optical_frame_id]: SDF Element[optical_frame_id] is deprecated
[component_container-3] [WARN] [1778737148.048650901] [rcl.logging_rosout]: Publisher already registered for node name: 'ros_gz_container'. If this is due to multiple nodes with the same name then all logs for the logger named 'ros_gz_container' will go out over the existing publisher. As soon as any node with that name is destructed it will unregister the publisher, preventing any further logs for that name from being published on the rosout topic.
[component_container-3] [INFO] [1778737148.054005411] [ros_gz_container]: [gz_ros2_control] Fixed joint [tabletop_joint] (Entity=101)] is skipped
[component_container-3] [INFO] [1778737148.054132256] [ros_gz_container]: [gz_ros2_control] Fixed joint [center_camera/attach_sensor_link] (Entity=108)] is skipped
[component_container-3] [INFO] [1778737148.054296716] [ros_gz_container]: [gz_ros2_control] Fixed joint [center_camera/attach_optical] (Entity=109)] is skipped
[component_container-3] [INFO] [1778737148.054378650] [ros_gz_container]: [gz_ros2_control] Fixed joint [ati/attach_joint] (Entity=110)] is skipped
[component_container-3] [INFO] [1778737148.054397144] [ros_gz_container]: [gz_ros2_control] Fixed joint [left_camera/attach_sensor_link] (Entity=114)] is skipped
[component_container-3] [INFO] [1778737148.054407313] [ros_gz_container]: [gz_ros2_control] Fixed joint [left_camera/attach_optical] (Entity=115)] is skipped
[component_container-3] [INFO] [1778737148.054416154] [ros_gz_container]: [gz_ros2_control] Fixed joint [right_camera/attach_sensor_link] (Entity=116)] is skipped
[component_container-3] [INFO] [1778737148.054424068] [ros_gz_container]: [gz_ros2_control] Fixed joint [right_camera/attach_optical] (Entity=117)] is skipped
[component_container-3] [INFO] [1778737148.057296838] [ros_gz_container]: Loading controller_manager
[component_container-3] [INFO] [1778737148.079221318] [controller_manager]: Using ROS clock for triggering controller manager cycles.
[component_container-3] [INFO] [1778737148.084517450] [controller_manager]: Subscribing to '/robot_description' topic for robot description.
[component_container-3] [INFO] [1778737148.091949885] [controller_manager]: Enforcing command limits is enabled...
[component_container-3] [WARN] [1778737148.092058959] [ros_gz_container]: Waiting RM to load and initialize hardware...
[component_container-3] [INFO] [1778737148.092946448] [controller_manager]: Received robot description from topic.
[component_container-3] [INFO] [1778737148.099251119] [ros_gz_container]: Using JointLimiter for joint 'gripper/left_finger_joint' in hardware 'gripper' : '  has position limits: true [0, 0.025]
[component_container-3]   has velocity limits: true [0.05]
[component_container-3]   has acceleration limits: false [nan]
[component_container-3]   has deceleration limits: false [nan]
[component_container-3]   has jerk limits: false [nan]
[component_container-3]   has effort limits: true [20]
[component_container-3]   angle wraparound: false'
[component_container-3] [INFO] [1778737148.099374941] [ros_gz_container]: Creating JointSaturationLimiter for joint 'gripper/left_finger_joint' in hardware 'gripper'
[component_container-3] [INFO] [1778737148.099428896] [ros_gz_container]: Using JointLimiter for joint 'wrist_3_joint' in hardware 'ControlSystem' : '  has position limits: true [-6.28319, 6.28319]
[component_container-3]   has velocity limits: true [3.14159]
[component_container-3]   has acceleration limits: false [nan]
[component_container-3]   has deceleration limits: false [nan]
[component_container-3]   has jerk limits: false [nan]
[component_container-3]   has effort limits: true [28]
[component_container-3]   angle wraparound: false'
[component_container-3] [INFO] [1778737148.099439066] [ros_gz_container]: Creating JointSaturationLimiter for joint 'wrist_3_joint' in hardware 'ControlSystem'
[component_container-3] [INFO] [1778737148.099446846] [ros_gz_container]: Using JointLimiter for joint 'wrist_2_joint' in hardware 'ControlSystem' : '  has position limits: true [-6.28319, 6.28319]
[component_container-3]   has velocity limits: true [3.14159]
[component_container-3]   has acceleration limits: false [nan]
[component_container-3]   has deceleration limits: false [nan]
[component_container-3]   has jerk limits: false [nan]
[component_container-3]   has effort limits: true [28]
[component_container-3]   angle wraparound: false'
[component_container-3] [INFO] [1778737148.099451473] [ros_gz_container]: Creating JointSaturationLimiter for joint 'wrist_2_joint' in hardware 'ControlSystem'
[component_container-3] [INFO] [1778737148.099457556] [ros_gz_container]: Using JointLimiter for joint 'wrist_1_joint' in hardware 'ControlSystem' : '  has position limits: true [-6.28319, 6.28319]
[component_container-3]   has velocity limits: true [3.14159]
[component_container-3]   has acceleration limits: false [nan]
[component_container-3]   has deceleration limits: false [nan]
[component_container-3]   has jerk limits: false [nan]
[component_container-3]   has effort limits: true [28]
[component_container-3]   angle wraparound: false'
[component_container-3] [INFO] [1778737148.099461627] [ros_gz_container]: Creating JointSaturationLimiter for joint 'wrist_1_joint' in hardware 'ControlSystem'
[component_container-3] [INFO] [1778737148.099468066] [ros_gz_container]: Using JointLimiter for joint 'elbow_joint' in hardware 'ControlSystem' : '  has position limits: true [-3.14159, 3.14159]
[component_container-3]   has velocity limits: true [3.14159]
[component_container-3]   has acceleration limits: false [nan]
[component_container-3]   has deceleration limits: false [nan]
[component_container-3]   has jerk limits: false [nan]
[component_container-3]   has effort limits: true [150]
[component_container-3]   angle wraparound: false'
[component_container-3] [INFO] [1778737148.099471850] [ros_gz_container]: Creating JointSaturationLimiter for joint 'elbow_joint' in hardware 'ControlSystem'
[component_container-3] [INFO] [1778737148.099478733] [ros_gz_container]: Using JointLimiter for joint 'shoulder_lift_joint' in hardware 'ControlSystem' : '  has position limits: true [-6.28319, 6.28319]
[component_container-3]   has velocity limits: true [3.14159]
[component_container-3]   has acceleration limits: false [nan]
[component_container-3]   has deceleration limits: false [nan]
[component_container-3]   has jerk limits: false [nan]
[component_container-3]   has effort limits: true [150]
[component_container-3]   angle wraparound: false'
[component_container-3] [INFO] [1778737148.099562508] [ros_gz_container]: Creating JointSaturationLimiter for joint 'shoulder_lift_joint' in hardware 'ControlSystem'
[component_container-3] [INFO] [1778737148.099580192] [ros_gz_container]: Using JointLimiter for joint 'shoulder_pan_joint' in hardware 'ControlSystem' : '  has position limits: true [-6.28319, 6.28319]
[component_container-3]   has velocity limits: true [3.14159]
[component_container-3]   has acceleration limits: false [nan]
[component_container-3]   has deceleration limits: false [nan]
[component_container-3]   has jerk limits: false [nan]
[component_container-3]   has effort limits: true [150]
[component_container-3]   angle wraparound: false'
[component_container-3] [INFO] [1778737148.099586420] [ros_gz_container]: Creating JointSaturationLimiter for joint 'shoulder_pan_joint' in hardware 'ControlSystem'
[component_container-3] [INFO] [1778737148.105319007] [ros_gz_container]: The position_proportional_gain has been set to: 0.1
[component_container-3] [INFO] [1778737148.105438684] [ros_gz_container]: Loading joint: gripper/left_finger_joint
[component_container-3] [INFO] [1778737148.105446013] [ros_gz_container]: 	State:
[component_container-3] [INFO] [1778737148.105452049] [ros_gz_container]: 		 position
[component_container-3] [INFO] [1778737148.105503877] [ros_gz_container]: 			 found initial value: 0.007300
[component_container-3] [INFO] [1778737148.105519630] [ros_gz_container]: 		 velocity
[component_container-3] [INFO] [1778737148.105535561] [ros_gz_container]: 			 found initial value: 0.000000
[component_container-3] [INFO] [1778737148.105541974] [ros_gz_container]: 		 effort
[component_container-3] [INFO] [1778737148.105549982] [ros_gz_container]: 			 found initial value: 0.000000
[component_container-3] [INFO] [1778737148.105557026] [ros_gz_container]: 	Command:
[component_container-3] [INFO] [1778737148.105562439] [ros_gz_container]: 		 position
[component_container-3] [INFO] [1778737148.105600518] [ros_gz_container]: 		 effort
[component_container-3] [INFO] [1778737148.105810844] [ros_gz_container]: Loading sensor: AtiForceTorqueSensor
[component_container-3] [INFO] [1778737148.105842173] [ros_gz_container]: 	State:
[component_container-3] [INFO] [1778737148.106194005] [ros_gz_container]: Initialize hardware 'gripper' 
[component_container-3] [WARN] [1778737148.106643922] [rcl.logging_rosout]: Publisher already registered for node name: 'ros_gz_container'. If this is due to multiple nodes with the same name then all logs for the logger named 'ros_gz_container' will go out over the existing publisher. As soon as any node with that name is destructed it will unregister the publisher, preventing any further logs for that name from being published on the rosout topic.
[component_container-3] [INFO] [1778737148.108103619] [ros_gz_container.hardware_component.system.gripper]: `status_publish_rate` is set to 0.0, hardware status publisher will not be created.
[component_container-3] [INFO] [1778737148.108332231] [ros_gz_container]: Successful initialization of hardware 'gripper'
[component_container-3] [INFO] [1778737148.109081424] [ros_gz_container]: The position_proportional_gain has been set to: 0.1
[component_container-3] [INFO] [1778737148.109176332] [ros_gz_container]: Loading joint: shoulder_pan_joint
[component_container-3] [INFO] [1778737148.109189166] [ros_gz_container]: 	State:
[component_container-3] [INFO] [1778737148.109198634] [ros_gz_container]: 		 position
[component_container-3] [INFO] [1778737148.109221982] [ros_gz_container]: 			 found initial value: -0.159700
[component_container-3] [INFO] [1778737148.109233323] [ros_gz_container]: 		 velocity
[component_container-3] [INFO] [1778737148.109244833] [ros_gz_container]: 			 found initial value: 0.000000
[component_container-3] [INFO] [1778737148.109254805] [ros_gz_container]: 		 effort
[component_container-3] [INFO] [1778737148.109265090] [ros_gz_container]: 			 found initial value: 0.000000
[component_container-3] [INFO] [1778737148.109274711] [ros_gz_container]: 	Command:
[component_container-3] [INFO] [1778737148.109312437] [ros_gz_container]: 		 position
[component_container-3] [INFO] [1778737148.109352711] [ros_gz_container]: 		 velocity
[component_container-3] [INFO] [1778737148.109370490] [ros_gz_container]: 		 effort
[component_container-3] [INFO] [1778737148.109397274] [ros_gz_container]: Loading joint: shoulder_lift_joint
[component_container-3] [INFO] [1778737148.109408791] [ros_gz_container]: 	State:
[component_container-3] [INFO] [1778737148.109418657] [ros_gz_container]: 		 position
[component_container-3] [INFO] [1778737148.109434934] [ros_gz_container]: 			 found initial value: -1.354200
[component_container-3] [INFO] [1778737148.109446417] [ros_gz_container]: 		 velocity
[component_container-3] [INFO] [1778737148.109460676] [ros_gz_container]: 			 found initial value: 0.000000
[component_container-3] [INFO] [1778737148.109470936] [ros_gz_container]: 		 effort
[component_container-3] [INFO] [1778737148.109628551] [ros_gz_container]: 			 found initial value: 0.000000
[component_container-3] [INFO] [1778737148.109675965] [ros_gz_container]: 	Command:
[component_container-3] [INFO] [1778737148.109687562] [ros_gz_container]: 		 position
[component_container-3] [INFO] [1778737148.109783883] [ros_gz_container]: 		 velocity
[component_container-3] [INFO] [1778737148.109812773] [ros_gz_container]: 		 effort
[component_container-3] [INFO] [1778737148.109829399] [ros_gz_container]: Loading joint: elbow_joint
[component_container-3] [INFO] [1778737148.109834831] [ros_gz_container]: 	State:
[component_container-3] [INFO] [1778737148.109839689] [ros_gz_container]: 		 position
[component_container-3] [INFO] [1778737148.109849324] [ros_gz_container]: 			 found initial value: -1.664800
[component_container-3] [INFO] [1778737148.109856294] [ros_gz_container]: 		 velocity
[component_container-3] [INFO] [1778737148.109861427] [ros_gz_container]: 			 found initial value: 0.000000
[component_container-3] [INFO] [1778737148.109866117] [ros_gz_container]: 		 effort
[component_container-3] [INFO] [1778737148.109872669] [ros_gz_container]: 			 found initial value: 0.000000
[component_container-3] [INFO] [1778737148.109877785] [ros_gz_container]: 	Command:
[component_container-3] [INFO] [1778737148.109881753] [ros_gz_container]: 		 position
[component_container-3] [INFO] [1778737148.109887593] [ros_gz_container]: 		 velocity
[component_container-3] [INFO] [1778737148.109891049] [ros_gz_container]: 		 effort
[component_container-3] [INFO] [1778737148.109900067] [ros_gz_container]: Loading joint: wrist_1_joint
[component_container-3] [INFO] [1778737148.109904624] [ros_gz_container]: 	State:
[component_container-3] [INFO] [1778737148.109908555] [ros_gz_container]: 		 position
[component_container-3] [INFO] [1778737148.109913973] [ros_gz_container]: 			 found initial value: -1.693300
[component_container-3] [INFO] [1778737148.109918987] [ros_gz_container]: 		 velocity
[component_container-3] [INFO] [1778737148.109923501] [ros_gz_container]: 			 found initial value: 0.000000
[component_container-3] [INFO] [1778737148.109927918] [ros_gz_container]: 		 effort
[component_container-3] [INFO] [1778737148.109932270] [ros_gz_container]: 			 found initial value: 0.000000
[component_container-3] [INFO] [1778737148.109936718] [ros_gz_container]: 	Command:
[component_container-3] [INFO] [1778737148.109940551] [ros_gz_container]: 		 position
[component_container-3] [INFO] [1778737148.109947240] [ros_gz_container]: 		 velocity
[component_container-3] [INFO] [1778737148.109952032] [ros_gz_container]: 		 effort
[component_container-3] [INFO] [1778737148.109960677] [ros_gz_container]: Loading joint: wrist_2_joint
[component_container-3] [INFO] [1778737148.109964611] [ros_gz_container]: 	State:
[component_container-3] [INFO] [1778737148.109968483] [ros_gz_container]: 		 position
[component_container-3] [INFO] [1778737148.109973397] [ros_gz_container]: 			 found initial value: 1.571000
[component_container-3] [INFO] [1778737148.109978064] [ros_gz_container]: 		 velocity
[component_container-3] [INFO] [1778737148.109982397] [ros_gz_container]: 			 found initial value: 0.000000
[component_container-3] [INFO] [1778737148.109986966] [ros_gz_container]: 		 effort
[component_container-3] [INFO] [1778737148.109990958] [ros_gz_container]: 			 found initial value: 0.000000
[component_container-3] [INFO] [1778737148.109995059] [ros_gz_container]: 	Command:
[component_container-3] [INFO] [1778737148.109998986] [ros_gz_container]: 		 position
[component_container-3] [INFO] [1778737148.110005491] [ros_gz_container]: 		 velocity
[component_container-3] [INFO] [1778737148.110010566] [ros_gz_container]: 		 effort
[component_container-3] [INFO] [1778737148.110020314] [ros_gz_container]: Loading joint: wrist_3_joint
[component_container-3] [INFO] [1778737148.110025191] [ros_gz_container]: 	State:
[component_container-3] [INFO] [1778737148.110028984] [ros_gz_container]: 		 position
[component_container-3] [INFO] [1778737148.110034362] [ros_gz_container]: 			 found initial value: 1.411000
[component_container-3] [INFO] [1778737148.110039300] [ros_gz_container]: 		 velocity
[component_container-3] [INFO] [1778737148.110046263] [ros_gz_container]: 			 found initial value: 0.000000
[component_container-3] [INFO] [1778737148.110050998] [ros_gz_container]: 		 effort
[component_container-3] [INFO] [1778737148.110055979] [ros_gz_container]: 			 found initial value: 0.000000
[component_container-3] [INFO] [1778737148.110060918] [ros_gz_container]: 	Command:
[component_container-3] [INFO] [1778737148.110065512] [ros_gz_container]: 		 position
[component_container-3] [INFO] [1778737148.110073265] [ros_gz_container]: 		 velocity
[component_container-3] [INFO] [1778737148.110081578] [ros_gz_container]: 		 effort
[component_container-3] [INFO] [1778737148.110112549] [ros_gz_container]: Loading sensor: AtiForceTorqueSensor
[component_container-3] [INFO] [1778737148.110121552] [ros_gz_container]: 	State:
[component_container-3] [INFO] [1778737148.110165301] [ros_gz_container]: 		 force.x
[component_container-3] [INFO] [1778737148.110176948] [ros_gz_container]: 		 force.y
[component_container-3] [INFO] [1778737148.110181377] [ros_gz_container]: 		 force.z
[component_container-3] [INFO] [1778737148.110185091] [ros_gz_container]: 		 torque.x
[component_container-3] [INFO] [1778737148.110189882] [ros_gz_container]: 		 torque.y
[component_container-3] [INFO] [1778737148.110257247] [ros_gz_container]: 		 torque.z
[component_container-3] [INFO] [1778737148.110671727] [ros_gz_container]: Initialize hardware 'ControlSystem' 
[component_container-3] [WARN] [1778737148.111357124] [rcl.logging_rosout]: Publisher already registered for node name: 'ros_gz_container'. If this is due to multiple nodes with the same name then all logs for the logger named 'ros_gz_container' will go out over the existing publisher. As soon as any node with that name is destructed it will unregister the publisher, preventing any further logs for that name from being published on the rosout topic.
[component_container-3] [INFO] [1778737148.118337745] [ros_gz_container.hardware_component.system.ControlSystem]: `status_publish_rate` is set to 0.0, hardware status publisher will not be created.
[component_container-3] [INFO] [1778737148.119361939] [ros_gz_container]: Successful initialization of hardware 'ControlSystem'
[component_container-3] [INFO] [1778737148.121273349] [resource_manager]: 'configure' hardware 'ControlSystem' 
[component_container-3] [INFO] [1778737148.121312717] [ros_gz_container]: System Successfully configured!
[component_container-3] [INFO] [1778737148.121337806] [resource_manager]: Successful 'configure' of hardware 'ControlSystem'
[component_container-3] [INFO] [1778737148.121353176] [resource_manager]: 'activate' hardware 'ControlSystem' 
[component_container-3] [INFO] [1778737148.121720428] [resource_manager]: Successful 'activate' of hardware 'ControlSystem'
[component_container-3] [INFO] [1778737148.122038063] [resource_manager]: 'configure' hardware 'gripper' 
[component_container-3] [INFO] [1778737148.122048282] [ros_gz_container]: System Successfully configured!
[component_container-3] [INFO] [1778737148.122060200] [resource_manager]: Successful 'configure' of hardware 'gripper'
[component_container-3] [INFO] [1778737148.122114356] [resource_manager]: 'activate' hardware 'gripper' 
[component_container-3] [INFO] [1778737148.122122101] [resource_manager]: Successful 'activate' of hardware 'gripper'
[component_container-3] [WARN] [1778737148.122151406] [controller_manager]: Component 'ControlSystem' does not have read or write statistics initialized, skipping registration.
[component_container-3] [WARN] [1778737148.122173223] [controller_manager]: Component 'gripper' does not have read or write statistics initialized, skipping registration.
[component_container-3] [INFO] [1778737148.122391272] [controller_manager]: Resource Manager has been successfully initialized. Starting Controller Manager services...
[component_container-3] [INFO] [1778737148.252650405] [controller_manager]: Loading controller : 'fts_broadcaster' of type 'force_torque_sensor_broadcaster/ForceTorqueSensorBroadcaster'
[component_container-3] [INFO] [1778737148.253001362] [controller_manager]: Loading controller 'fts_broadcaster'
[component_container-3] [INFO] [1778737148.259241766] [controller_manager]: Controller 'fts_broadcaster' node arguments: --ros-args --params-file /ws_aic/install/share/aic_bringup/config/aic_ros2_controllers.yaml -p use_sim_time:=true --param use_sim_time:=true 
[spawner-8] [INFO] [1778737148.305049058] [spawner_fts_broadcaster]: Loaded fts_broadcaster
[component_container-3] [INFO] [1778737148.307141457] [controller_manager]: Configuring controller: 'fts_broadcaster'
[component_container-3] [INFO] [1778737148.310383613] [fts_broadcaster]: configure successful
[component_container-3] [INFO] [1778737148.313691000] [controller_manager]: Activating controllers: [ fts_broadcaster ]
[component_container-3] [INFO] [1778737148.313930996] [controller_manager]: Requested controller switch from non-realtime loop
[component_container-3] [INFO] [1778737148.314099639] [controller_manager]: Successfully switched controllers!
[component_container-3] (2026-05-13 22:39:10.092) [debug] [SystemManager.cc:80] Loaded system [gz_ros2_control::GazeboSimROS2ControlPlugin] for entity [31]
[component_container-3] (2026-05-13 22:39:10.094) [debug] [SystemManager.cc:80] Loaded system [gz::sim::systems::ForceTorque] for entity [31]
[component_container-3] (2026-05-13 22:39:10.095) [debug] [OffLimitContactsPlugin.cc:41] aic_gazebo::OffLimitContactsPlugin::Configure on entity: 31
[component_container-3] (2026-05-13 22:39:10.096) [debug] [OffLimitContactsPlugin.cc:165] Enabled collision [34]
[component_container-3] (2026-05-13 22:39:10.096) [debug] [OffLimitContactsPlugin.cc:165] Enabled collision [37]
[component_container-3] (2026-05-13 22:39:10.096) [debug] [OffLimitContactsPlugin.cc:165] Enabled collision [40]
[component_container-3] (2026-05-13 22:39:10.096) [debug] [OffLimitContactsPlugin.cc:165] Enabled collision [43]
[component_container-3] (2026-05-13 22:39:10.096) [debug] [OffLimitContactsPlugin.cc:165] Enabled collision [46]
[component_container-3] (2026-05-13 22:39:10.096) [debug] [OffLimitContactsPlugin.cc:165] Enabled collision [49]
[component_container-3] (2026-05-13 22:39:10.096) [debug] [OffLimitContactsPlugin.cc:165] Enabled collision [57]
[component_container-3] (2026-05-13 22:39:10.096) [debug] [OffLimitContactsPlugin.cc:165] Enabled collision [58]
[component_container-3] (2026-05-13 22:39:10.096) [debug] [OffLimitContactsPlugin.cc:165] Enabled collision [59]
[component_container-3] (2026-05-13 22:39:10.096) [debug] [OffLimitContactsPlugin.cc:165] Enabled collision [60]
[component_container-3] (2026-05-13 22:39:10.096) [debug] [OffLimitContactsPlugin.cc:165] Enabled collision [61]
[component_container-3] (2026-05-13 22:39:10.096) [debug] [OffLimitContactsPlugin.cc:165] Enabled collision [62]
[component_container-3] (2026-05-13 22:39:10.096) [debug] [OffLimitContactsPlugin.cc:165] Enabled collision [63]
[component_container-3] (2026-05-13 22:39:10.096) [debug] [OffLimitContactsPlugin.cc:165] Enabled collision [64]
[component_container-3] (2026-05-13 22:39:10.096) [debug] [OffLimitContactsPlugin.cc:165] Enabled collision [65]
[component_container-3] (2026-05-13 22:39:10.096) [debug] [OffLimitContactsPlugin.cc:165] Enabled collision [66]
[component_container-3] (2026-05-13 22:39:10.096) [debug] [OffLimitContactsPlugin.cc:165] Enabled collision [67]
[component_container-3] (2026-05-13 22:39:10.096) [debug] [OffLimitContactsPlugin.cc:165] Enabled collision [68]
[component_container-3] (2026-05-13 22:39:10.096) [debug] [OffLimitContactsPlugin.cc:165] Enabled collision [69]
[component_container-3] (2026-05-13 22:39:10.096) [debug] [OffLimitContactsPlugin.cc:165] Enabled collision [70]
[component_container-3] (2026-05-13 22:39:10.096) [debug] [OffLimitContactsPlugin.cc:165] Enabled collision [71]
[component_container-3] (2026-05-13 22:39:10.096) [debug] [OffLimitContactsPlugin.cc:165] Enabled collision [72]
[component_container-3] (2026-05-13 22:39:10.096) [debug] [OffLimitContactsPlugin.cc:165] Enabled collision [73]
[component_container-3] (2026-05-13 22:39:10.096) [debug] [OffLimitContactsPlugin.cc:165] Enabled collision [74]
[component_container-3] (2026-05-13 22:39:10.096) [debug] [OffLimitContactsPlugin.cc:165] Enabled collision [75]
[component_container-3] (2026-05-13 22:39:10.096) [debug] [OffLimitContactsPlugin.cc:165] Enabled collision [81]
[component_container-3] (2026-05-13 22:39:10.096) [debug] [OffLimitContactsPlugin.cc:165] Enabled collision [82]
[component_container-3] (2026-05-13 22:39:10.096) [debug] [OffLimitContactsPlugin.cc:165] Enabled collision [85]
[component_container-3] (2026-05-13 22:39:10.096) [debug] [OffLimitContactsPlugin.cc:165] Enabled collision [86]
[component_container-3] (2026-05-13 22:39:10.096) [debug] [OffLimitContactsPlugin.cc:165] Enabled collision [87]
[component_container-3] (2026-05-13 22:39:10.096) [debug] [OffLimitContactsPlugin.cc:165] Enabled collision [88]
[component_container-3] (2026-05-13 22:39:10.096) [debug] [OffLimitContactsPlugin.cc:165] Enabled collision [91]
[component_container-3] (2026-05-13 22:39:10.096) [debug] [OffLimitContactsPlugin.cc:165] Enabled collision [92]
[component_container-3] (2026-05-13 22:39:10.096) [debug] [OffLimitContactsPlugin.cc:165] Enabled collision [93]
[component_container-3] (2026-05-13 22:39:10.096) [debug] [OffLimitContactsPlugin.cc:165] Enabled collision [94]
[component_container-3] (2026-05-13 22:39:10.096) [debug] [SystemManager.cc:80] Loaded system [aic_gazebo::OffLimitContactsPlugin] for entity [31]
[component_container-3] (2026-05-13 22:39:10.098) [debug] [ResetJointsPlugin.cc:40] aic_gazebo::ResetJointsPlugin::Configure on entity: 31
[component_container-3] [WARN] [1778737150.098498625] [rcl.logging_rosout]: Publisher already registered for node name: 'ros_gz_container'. If this is due to multiple nodes with the same name then all logs for the logger named 'ros_gz_container' will go out over the existing publisher. As soon as any node with that name is destructed it will unregister the publisher, preventing any further logs for that name from being published on the rosout topic.
[component_container-3] (2026-05-13 22:39:10.100) [info] [ResetJointsPlugin.cc:117] Initialized ResetJointsPlugin!
[component_container-3] (2026-05-13 22:39:10.100) [debug] [SystemManager.cc:80] Loaded system [aic_gazebo::ResetJointsPlugin] for entity [31]
[component_container-3] (2026-05-13 22:39:10.101) [debug] [UserCommands.cc:1108] Created entity [31] named [ur5e]
[component_container-3] (2026-05-13 22:39:10.116) [debug] [Physics.cc:1171] Attempting to set physics options, but the physics engine doesn't support feature [CollisionPairMaxContacts]. Options will be ignored.
[component_container-3] (2026-05-13 22:39:10.128) [debug] [Sensors.cc:953] Initialization needed
[component_container-3] (2026-05-13 22:39:10.129) [debug] [Sensors.cc:349] Initializing render context
[component_container-3] (2026-05-13 22:39:10.129) [info] [RenderEngineManager.cc:514] Loading plugin [gz-rendering-ogre2]
[component_container-3] (2026-05-13 22:39:10.131) [info] [SceneBroadcaster.cc:634] Serving scene information on [/world/aic_world/scene/info]
[component_container-3] (2026-05-13 22:39:10.131) [info] [SceneBroadcaster.cc:643] Serving graph information on [/world/aic_world/scene/graph]
[component_container-3] (2026-05-13 22:39:10.131) [info] [SceneBroadcaster.cc:654] Serving full state on [/world/aic_world/state]
[component_container-3] (2026-05-13 22:39:10.131) [info] [SceneBroadcaster.cc:663] Serving full state (async) on [/world/aic_world/state_async]
[component_container-3] (2026-05-13 22:39:10.131) [info] [SceneBroadcaster.cc:671] Publishing scene information on [/world/aic_world/scene/info]
[component_container-3] (2026-05-13 22:39:10.132) [info] [SceneBroadcaster.cc:680] Publishing entity deletions on [/world/aic_world/scene/deletion]
[component_container-3] (2026-05-13 22:39:10.132) [info] [SceneBroadcaster.cc:689] Publishing state changes on [/world/aic_world/state]
[component_container-3] (2026-05-13 22:39:10.132) [info] [SceneBroadcaster.cc:700] Publishing pose messages on [/world/aic_world/pose/info]
[component_container-3] (2026-05-13 22:39:10.132) [info] [SceneBroadcaster.cc:711] Publishing dynamic pose messages on [/world/aic_world/dynamic_pose/info]
[component_container-3] (2026-05-13 22:39:10.167) [debug] [SimulationRunner.cc:600] Exiting postupdate worker thread (3)
[component_container-3] (2026-05-13 22:39:10.167) [debug] [SimulationRunner.cc:600] Exiting postupdate worker thread (1)
[component_container-3] (2026-05-13 22:39:10.167) [debug] [SimulationRunner.cc:600] Exiting postupdate worker thread (2)
[component_container-3] (2026-05-13 22:39:10.167) [debug] [SimulationRunner.cc:600] Exiting postupdate worker thread (0)
[component_container-3] (2026-05-13 22:39:10.167) [debug] [SimulationRunner.cc:573] Creating PostUpdate worker threads: 6
[component_container-3] (2026-05-13 22:39:10.167) [debug] [SimulationRunner.cc:584] Creating postupdate worker thread (0)
[component_container-3] (2026-05-13 22:39:10.168) [debug] [SimulationRunner.cc:584] Creating postupdate worker thread (1)
[component_container-3] (2026-05-13 22:39:10.168) [debug] [SimulationRunner.cc:584] Creating postupdate worker thread (2)
[component_container-3] (2026-05-13 22:39:10.168) [debug] [SimulationRunner.cc:584] Creating postupdate worker thread (3)
[component_container-3] (2026-05-13 22:39:10.168) [debug] [SimulationRunner.cc:584] Creating postupdate worker thread (4)
[component_container-3] (2026-05-13 22:39:10.171) [debug] [EntityComponentManager.cc:1676] Updated state thread iterators: 22 threads processing around 6 entities each.
[spawner-8] [INFO] [1778737150.174242632] [spawner_fts_broadcaster]: Configured and activated fts_broadcaster
[aic_engine-6] [INFO] [1778737150.176569418] [aic_engine]: Clock found successfully.
[aic_engine-6] [INFO] [1778737150.198609765] [aic_engine]: Retrieved home joint position from config: [shoulder_pan_joint]: -0.159700
[aic_engine-6] [INFO] [1778737150.198729045] [aic_engine]: Retrieved home joint position from config: [shoulder_lift_joint]: -1.354200
[aic_engine-6] [INFO] [1778737150.198745359] [aic_engine]: Retrieved home joint position from config: [elbow_joint]: -1.664800
[aic_engine-6] [INFO] [1778737150.198753445] [aic_engine]: Retrieved home joint position from config: [wrist_1_joint]: -1.693300
[aic_engine-6] [INFO] [1778737150.198761403] [aic_engine]: Retrieved home joint position from config: [wrist_2_joint]: 1.571000
[aic_engine-6] [INFO] [1778737150.198769527] [aic_engine]: Retrieved home joint position from config: [wrist_3_joint]: 1.411000
[aic_engine-6] [INFO] [1778737150.198929472] [aic_engine]: Pre-built home messages for robot homing.
[aic_engine-6] [INFO] [1778737150.202697521] [aic_engine]: Bag output directory: /home/ashutokumar/aic_results/cc15c_recovery_20260513_223857
[aic_engine-6] [INFO] [1778737150.202829681] [aic_engine]: [1;32m✓ AIC Engine initialized successfully![0m
[aic_engine-6] [INFO] [1778737150.202919555] [aic_engine]:  
[aic_engine-6] [INFO] [1778737150.202965630] [aic_engine]: [1;35m╔════════════════════════════════════════╗[0m
[aic_engine-6] [INFO] [1778737150.203029664] [aic_engine]: [1;35m║      Starting AIC Engine Run           ║[0m
[aic_engine-6] [INFO] [1778737150.203039996] [aic_engine]: [1;35m║   Total Trials: 3                      ║[0m
[aic_engine-6] [INFO] [1778737150.203049132] [aic_engine]: [1;35m╚════════════════════════════════════════╝[0m
[aic_engine-6] [INFO] [1778737150.203057227] [aic_engine]:  
[aic_engine-6] [INFO] [1778737150.203097776] [aic_engine]:  
[aic_engine-6] [INFO] [1778737150.203124462] [aic_engine]: [1;33m━━━━━━━━━━━━━━━━━━━━━━━━━━━━━━━━━━━━━━━━[0m
[aic_engine-6] [INFO] [1778737150.203137460] [aic_engine]: [1;33m  Trial 1/3: trial_1[0m
[aic_engine-6] [INFO] [1778737150.203147120] [aic_engine]: [1;33m━━━━━━━━━━━━━━━━━━━━━━━━━━━━━━━━━━━━━━━━[0m
[aic_engine-6] [INFO] [1778737150.203187790] [aic_engine]: [1;36m→ Starting trial 'trial_1'...[0m
[aic_engine-6] [INFO] [1778737150.203297336] [aic_engine]: Checking participant model readiness...
[aic_engine-6] [INFO] [1778737150.203399490] [aic_engine]: No node with name 'aic_model' found. Retrying...
[component_container-3] [INFO] [1778737150.244058638] [controller_manager]: Loading controller : 'joint_state_broadcaster' of type 'joint_state_broadcaster/JointStateBroadcaster'
[component_container-3] [INFO] [1778737150.244134594] [controller_manager]: Loading controller 'joint_state_broadcaster'
[component_container-3] [INFO] [1778737150.246353247] [controller_manager]: Controller 'joint_state_broadcaster' node arguments: --ros-args --params-file /ws_aic/install/share/aic_bringup/config/aic_ros2_controllers.yaml -p use_sim_time:=true --param use_sim_time:=true 
[INFO] [spawner-8]: process has finished cleanly [pid 71315]
[component_container-3] [1;33mWarning [Utils.cc:119][0m [/sdf/model[@name="ur"]/link[@name="center_camera/sensor_link"]/sensor[@name="center_camera"]/camera[@name="center_camera"]/optical_frame_id]: SDF Element[optical_frame_id] is deprecated
[component_container-3] [1;33mWarning [Utils.cc:119][0m [/sdf/model[@name="ur"]/link[@name="left_camera/sensor_link"]/sensor[@name="left_camera"]/camera[@name="left_camera"]/optical_frame_id]: SDF Element[optical_frame_id] is deprecated
[component_container-3] [1;33mWarning [Utils.cc:119][0m [/sdf/model[@name="ur"]/link[@name="right_camera/sensor_link"]/sensor[@name="right_camera"]/camera[@name="right_camera"]/optical_frame_id]: SDF Element[optical_frame_id] is deprecated
[component_container-3] [INFO] [1778737150.381179737] [gz_server]: InitializeCanonicalLinks
[component_container-3] [INFO] [1778737150.381543867] [gz_server]: Creating services on gz_server
[component_container-3] [INFO] [1778737150.383506312] [gz_server]: Created service /gz_server/delete_entity
[component_container-3] [INFO] [1778737150.384959536] [gz_server]: Created service /gz_server/get_entities
[component_container-3] [INFO] [1778737150.386095844] [gz_server]: Created service /gz_server/get_entity_info
[component_container-3] [INFO] [1778737150.387558402] [gz_server]: Created service /gz_server/get_entity_state
[component_container-3] [INFO] [1778737150.388576056] [gz_server]: Created service /gz_server/get_entities_states
[component_container-3] [INFO] [1778737150.389103483] [gz_server]: Created service /gz_server/get_simulation_state
[component_container-3] [INFO] [1778737150.389704424] [gz_server]: Created service /gz_server/get_simulator_features
[component_container-3] [INFO] [1778737150.390381919] [gz_server]: Created service /gz_server/reset_simulation
[component_container-3] [INFO] [1778737150.390922074] [gz_server]: Created service /gz_server/set_entity_state
[component_container-3] [INFO] [1778737150.391521588] [gz_server]: Created service /gz_server/set_simulation_state
[component_container-3] [INFO] [1778737150.392191668] [gz_server]: Created service /gz_server/spawn_entity
[component_container-3] [INFO] [1778737150.392909312] [gz_server]: Created service /gz_server/step_simulation
[component_container-3] [INFO] [1778737150.395351283] [gz_server]: Created action /gz_server/simulate_steps
[component_container-3] (2026-05-13 22:39:10.985) [debug] [RenderUtil.cc:2646] Create scene [scene]
[component_container-3] (2026-05-13 22:39:14.405) [debug] [Sensors.cc:391] Rendering Thread initialized
[component_container-3] (2026-05-13 22:39:14.405) [debug] [Sensors.cc:953] Initialization needed
[component_container-3] (2026-05-13 22:39:14.407) [debug] [ForceTorque.cc:162] Adding JointTransmittedWrench to: 110
[component_container-3] [INFO] [1778737154.408175629] [ros_gz_container]: ForceTorque AtiForceTorqueSensor has a topic name: /axia80_m20/wrench
[component_container-3] [INFO] [1778737154.408634068] [ros_gz_container]: ForceTorque AtiForceTorqueSensor has a topic name: /axia80_m20/wrench
[spawner-7] [INFO] [1778737154.421436440] [spawner_joint_state_broadcaster]: Loaded joint_state_broadcaster
[component_container-3] [INFO] [1778737154.423029653] [controller_manager]: Configuring controller: 'joint_state_broadcaster'
[component_container-3] [INFO] [1778737154.423202080] [joint_state_broadcaster]: 'joints' or 'interfaces' parameter is empty. All available state interfaces will be published
[component_container-3] (2026-05-13 22:39:15.812) [debug] [CameraSensor.cc:342] Camera images for [ur5e::center_camera/sensor_link::center_camera] advertised on [/center_camera/image]
[component_container-3] (2026-05-13 22:39:15.812) [debug] [CameraSensor.cc:632] Camera info for [ur5e::center_camera/sensor_link::center_camera] advertised on [/center_camera/camera_info]
[component_container-3] (2026-05-13 22:39:15.813) [warning] [Ogre2Camera.cc:423] Ogre2Camera::SetVisibilityMask: Mask bits c0000000 are set but will be ignored as they conflict with the reserved bits used internally by the ogre2 backend.
[component_container-3] (2026-05-13 22:39:15.814) [debug] [CameraSensor.cc:342] Camera images for [ur5e::left_camera/sensor_link::left_camera] advertised on [/left_camera/image]
[component_container-3] (2026-05-13 22:39:15.814) [debug] [CameraSensor.cc:632] Camera info for [ur5e::left_camera/sensor_link::left_camera] advertised on [/left_camera/camera_info]
[component_container-3] (2026-05-13 22:39:15.814) [warning] [Ogre2Camera.cc:423] Ogre2Camera::SetVisibilityMask: Mask bits c0000000 are set but will be ignored as they conflict with the reserved bits used internally by the ogre2 backend.
[component_container-3] (2026-05-13 22:39:15.815) [debug] [CameraSensor.cc:342] Camera images for [ur5e::right_camera/sensor_link::right_camera] advertised on [/right_camera/image]
[component_container-3] (2026-05-13 22:39:15.815) [debug] [CameraSensor.cc:632] Camera info for [ur5e::right_camera/sensor_link::right_camera] advertised on [/right_camera/camera_info]
[component_container-3] (2026-05-13 22:39:15.815) [warning] [Ogre2Camera.cc:423] Ogre2Camera::SetVisibilityMask: Mask bits c0000000 are set but will be ignored as they conflict with the reserved bits used internally by the ogre2 backend.
[ERROR] [gz-4]: process has died [pid 71128, exit code -11, cmd 'gz sim -g'].
[component_container-3] (2026-05-13 22:39:32.432) [debug] [CameraSensor.cc:441] Enabling camera sensor: 'ur5e::center_camera/sensor_link::center_camera' data generation.
[component_container-3] (2026-05-13 22:39:33.278) [debug] [CameraSensor.cc:441] Enabling camera sensor: 'ur5e::left_camera/sensor_link::left_camera' data generation.
[component_container-3] (2026-05-13 22:39:34.037) [debug] [CameraSensor.cc:441] Enabling camera sensor: 'ur5e::right_camera/sensor_link::right_camera' data generation.
[component_container-3] [INFO] [1778737174.793329881] [controller_manager]: Activating controllers: [ joint_state_broadcaster ]
[component_container-3] [INFO] [1778737174.793631292] [controller_manager]: Requested controller switch from non-realtime loop
[component_container-3] [INFO] [1778737174.795253222] [controller_manager]: Successfully switched controllers!
[spawner-7] [INFO] [1778737174.798065230] [spawner_joint_state_broadcaster]: Configured and activated joint_state_broadcaster
[INFO] [spawner-7]: process has finished cleanly [pid 71314]
[INFO] [spawner-9]: process started with pid [73846]
[component_container-3] (2026-05-13 22:39:35.391) [debug] [WorldSdfGeneratorPlugin.cc:79] Saving world: aic_world to: /tmp/aic.sdf
[component_container-3] (2026-05-13 22:39:35.394) [info] [WorldSdfGeneratorPlugin.cc:84] World saved to /tmp/aic.sdf
[component_container-3] [INFO] [1778737175.869291131] [controller_manager]: Loading controller : 'aic_controller' of type 'aic/Controller'
[component_container-3] [INFO] [1778737175.869357863] [controller_manager]: Loading controller 'aic_controller'
[component_container-3] [INFO] [1778737175.886970859] [controller_manager]: Controller 'aic_controller' node arguments: --ros-args --params-file /ws_aic/install/share/aic_bringup/config/aic_ros2_controllers.yaml -p use_sim_time:=true --param use_sim_time:=true 
[spawner-9] [INFO] [1778737174.666309389] [spawner_aic_controller]: Loaded aic_controller
[component_container-3] [INFO] [1778737174.667838301] [controller_manager]: Configuring controller: 'aic_controller'
[component_container-3] [INFO] [1778737174.668323486] [aic_controller]: Control mode set to impedance
[component_container-3] [INFO] [1778737174.668471444] [aic_controller]: Target mode set to Cartesian. Accepting MotionUpdate targets.
[component_container-3] [INFO] [1778737174.685736826] [controller_manager]: Activating controllers: [ aic_controller ]
[component_container-3] [INFO] [1778737174.686043209] [controller_manager]: Requested controller switch from non-realtime loop
[component_container-3] [INFO] [1778737174.686302454] [controller_manager]: Successfully switched controllers!
[component_container-3] (2026-05-13 22:39:34.687) [warning] [Component.hh:144] Trying to serialize component with data type [St6vectorIdSaIdEE], which doesn't have `operator<<`. Component will not be serialized.
[component_container-3] (2026-05-13 22:39:34.688) [warning] [Component.hh:189] Trying to deserialize component with data type [St6vectorIdSaIdEE], which doesn't have `operator>>`. Component will not be deserialized.
[spawner-9] [INFO] [1778737174.689691218] [spawner_aic_controller]: Configured and activated all the parsed controllers list : ['aic_controller']!
[INFO] [spawner-9]: process has finished cleanly [pid 73846]
[aic_engine-6] [INFO] [1778737212.850188123] [aic_engine]: Found 1 node(s) with name 'aic_model'. Checking if it is a lifecycle node...
[aic_engine-6] [INFO] [1778737212.850354745] [aic_engine]: Service '/aic_model/get_state' is available. Participant model discovered.
[aic_engine-6] [INFO] [1778737212.850368627] [aic_engine]: Lifecycle node 'aic_model' is available. Checking if it is in 'unconfigured' state...
[aic_engine-6] [INFO] [1778737212.854331940] [aic_engine]: Lifecycle node 'aic_model' is in 'unconfigured' state
[aic_engine-6] [INFO] [1778737212.854505947] [aic_engine]: Configuring lifecycle node 'aic_model'...
[aic_engine-6] [INFO] [1778737212.854590079] [aic_engine]: Transitioning model node 'aic_model' to transition 'configure'...
[aic_engine-6] [INFO] [1778737220.479234806] [aic_engine]: Successfully transition model node 'aic_model' to state 'configure'
[aic_engine-6] [INFO] [1778737220.531793466] [aic_engine]: Insert cable action goal was rejected by the server as expected.
[aic_engine-6] [INFO] [1778737271.150461026] [aic_engine]: Lifecycle node 'aic_model' is in 'configured' state and meets all expectations.
[aic_engine-6] [INFO] [1778737271.150778866] [aic_engine]: Transitioning model node 'aic_model' to transition 'activate'...
[aic_engine-6] [INFO] [1778737271.158406681] [aic_engine]: Successfully transition model node 'aic_model' to state 'activate'
[aic_engine-6] [INFO] [1778737271.158510420] [aic_engine]: [1;32m  ✓ Model Ready for trial 'trial_1'[0m
[aic_engine-6] [INFO] [1778737271.158572689] [aic_engine]: Checking required endpoints...
[aic_engine-6] [INFO] [1778737273.906752683] [aic_engine]: All required endpoints are available.
[aic_engine-6] [INFO] [1778737273.906921091] [aic_engine]: [1;32m  ✓ Endpoints Ready for trial 'trial_1'[0m
[aic_engine-6] [INFO] [1778737273.906960254] [aic_engine]: Readying simulator for trial 'trial_1'...
[aic_engine-6] [INFO] [1778737273.906998844] [aic_engine]: Spawning task board.
[component_container-3] (2026-05-13 22:41:17.560) [debug] [SdfEntityCreator.cc:547] Link has auto-inertial enabled: sc_port_0::sc_port_link
[component_container-3] (2026-05-13 22:41:17.567) [debug] [SdfEntityCreator.cc:549]   pose: 1.88554e-19 -0.00100271 0.000137321 0 0 0
[component_container-3] (2026-05-13 22:41:17.568) [debug] [SdfEntityCreator.cc:550]   mass: 0.04
[component_container-3] (2026-05-13 22:41:17.568) [debug] [SdfEntityCreator.cc:551]   ixx iyy izz: 1.86262e-06 5.50332e-06 6.55187e-06
[component_container-3] (2026-05-13 22:41:17.568) [debug] [SdfEntityCreator.cc:553]   ixy ixz iyz: -7.41324e-15 4.19415e-23 -5.5077e-09
[component_container-3] (2026-05-13 22:41:17.586) [debug] [SdfEntityCreator.cc:547] Link has auto-inertial enabled: nic_card_mount_0::nic_card_link
[component_container-3] (2026-05-13 22:41:17.587) [debug] [SdfEntityCreator.cc:549]   pose: 0.00150732 -0.00850988 0.00340281 0 0 0
[component_container-3] (2026-05-13 22:41:17.587) [debug] [SdfEntityCreator.cc:550]   mass: 0.15
[component_container-3] (2026-05-13 22:41:17.587) [debug] [SdfEntityCreator.cc:551]   ixx iyy izz: 0.000185176 4.95164e-05 0.000228127
[component_container-3] (2026-05-13 22:41:17.588) [debug] [SdfEntityCreator.cc:553]   ixy ixz iyz: -1.61776e-06 6.54063e-07 1.04636e-07
[component_container-3] (2026-05-13 22:41:17.644) [debug] [SystemManager.cc:80] Loaded system [gz::sim::systems::PosePublisher] for entity [118]
[component_container-3] (2026-05-13 22:41:17.673) [debug] [SystemManager.cc:80] Loaded system [gz::sim::systems::TouchPlugin] for entity [165]
[component_container-3] (2026-05-13 22:41:17.689) [debug] [SystemManager.cc:80] Loaded system [gz::sim::systems::TouchPlugin] for entity [188]
[component_container-3] (2026-05-13 22:41:17.692) [debug] [SystemManager.cc:80] Loaded system [gz::sim::systems::TouchPlugin] for entity [188]
[component_container-3] (2026-05-13 22:41:17.703) [debug] [UserCommands.cc:1108] Created entity [118] named [task_board]
[aic_engine-6] [INFO] [1778737277.743521326] [aic_engine]: Successfully spawned task_board as 'task_board'
[aic_engine-6] [INFO] [1778737277.743629627] [aic_engine]: Task board spawned successfully.
[component_container-3] [INFO] [1778737277.744454089] [aic_controller]: Received service request to tare force torque sensor!
[component_container-3] [INFO] [1778737277.744740724] [aic_controller]: Successfully tared force torque sensor.
[aic_engine-6] [INFO] [1778737277.745190499] [aic_engine]: Spawning cable.
[aic_engine-6] [INFO] [1778737277.745600255] [aic_engine]: Spawning cable 'cable_0'...
[component_container-3] (2026-05-13 22:41:17.746) [info] [Contact.cc:125] Contact system publishing on world/aic_world/model/task_board/model/sc_port_0/link/sc_port_link/sensor/sc_port_sensor/contact
[component_container-3] (2026-05-13 22:41:17.747) [info] [Contact.cc:125] Contact system publishing on world/aic_world/model/task_board/model/nic_card_mount_0/link/nic_card_link/sensor/sfp_port_sensor/contact
[component_container-3] (2026-05-13 22:41:17.770) [warning] [Component.hh:127] Trying to serialize component with data type [St10shared_ptrIN3sdf3v157ElementEE], which doesn't have `operator<<`. Component will not be serialized.
[component_container-3] [INFO] [1778737277.780671700] [gz_server]: InitializeCanonicalLinks
[component_container-3] (2026-05-13 22:41:17.792) [debug] [SimulationRunner.cc:600] Exiting postupdate worker thread (0)
[component_container-3] (2026-05-13 22:41:17.792) [debug] [SimulationRunner.cc:600] Exiting postupdate worker thread (4)
[component_container-3] (2026-05-13 22:41:17.792) [debug] [SimulationRunner.cc:600] Exiting postupdate worker thread (3)
[component_container-3] (2026-05-13 22:41:17.792) [debug] [SimulationRunner.cc:600] Exiting postupdate worker thread (2)
[component_container-3] (2026-05-13 22:41:17.793) [debug] [SimulationRunner.cc:600] Exiting postupdate worker thread (1)
[component_container-3] (2026-05-13 22:41:17.796) [debug] [SimulationRunner.cc:573] Creating PostUpdate worker threads: 10
[component_container-3] (2026-05-13 22:41:17.797) [debug] [SimulationRunner.cc:584] Creating postupdate worker thread (0)
[component_container-3] (2026-05-13 22:41:17.797) [debug] [SimulationRunner.cc:584] Creating postupdate worker thread (1)
[component_container-3] (2026-05-13 22:41:17.797) [debug] [SimulationRunner.cc:584] Creating postupdate worker thread (2)
[component_container-3] (2026-05-13 22:41:17.797) [debug] [SimulationRunner.cc:584] Creating postupdate worker thread (3)
[component_container-3] (2026-05-13 22:41:17.797) [debug] [SimulationRunner.cc:584] Creating postupdate worker thread (4)
[component_container-3] (2026-05-13 22:41:17.797) [debug] [SimulationRunner.cc:584] Creating postupdate worker thread (5)
[component_container-3] (2026-05-13 22:41:17.797) [debug] [SimulationRunner.cc:584] Creating postupdate worker thread (6)
[component_container-3] (2026-05-13 22:41:17.797) [debug] [SimulationRunner.cc:584] Creating postupdate worker thread (7)
[component_container-3] (2026-05-13 22:41:17.797) [debug] [SimulationRunner.cc:584] Creating postupdate worker thread (8)
[component_container-3] (2026-05-13 22:41:17.804) [debug] [TouchPlugin.cc:267] Started touch plugin [sc_port_0/sc_port_base]
[component_container-3] (2026-05-13 22:41:17.812) [debug] [TouchPlugin.cc:267] Started touch plugin [nic_card_mount_0/sfp_port_0]
[component_container-3] (2026-05-13 22:41:17.813) [debug] [TouchPlugin.cc:267] Started touch plugin [nic_card_mount_0/sfp_port_1]
[component_container-3] (2026-05-13 22:41:18.176) [warning] [Component.hh:172] Trying to deserialize component with data type [St10shared_ptrIN3sdf3v157ElementEE], which doesn't have `operator>>`. Component will not be deserialized.
[component_container-3] (2026-05-13 22:41:20.702) [debug] [SdfEntityCreator.cc:547] Link has auto-inertial enabled: cable_0::lc_plug_link
[component_container-3] (2026-05-13 22:41:20.703) [debug] [SdfEntityCreator.cc:549]   pose: 0 0.0197 0 0 0 0
[component_container-3] (2026-05-13 22:41:20.703) [debug] [SdfEntityCreator.cc:550]   mass: 0.01
[component_container-3] (2026-05-13 22:41:20.703) [debug] [SdfEntityCreator.cc:551]   ixx iyy izz: 8.49658e-09 9.96094e-08 1.06153e-07
[component_container-3] (2026-05-13 22:41:20.703) [debug] [SdfEntityCreator.cc:553]   ixy ixz iyz: 0 0 2.13837e-15
[component_container-3] (2026-05-13 22:41:20.703) [debug] [SdfEntityCreator.cc:547] Link has auto-inertial enabled: cable_0::sc_plug_link
[component_container-3] (2026-05-13 22:41:20.703) [debug] [SdfEntityCreator.cc:549]   pose: -0.00907511 4.9566e-05 8.71699e-06 0 0 0
[component_container-3] (2026-05-13 22:41:20.703) [debug] [SdfEntityCreator.cc:550]   mass: 0.04
[component_container-3] (2026-05-13 22:41:20.703) [debug] [SdfEntityCreator.cc:551]   ixx iyy izz: 2.12257e-06 7.17318e-06 8.85404e-06
[component_container-3] (2026-05-13 22:41:20.703) [debug] [SdfEntityCreator.cc:553]   ixy ixz iyz: 1.24369e-08 -3.73363e-09 1.72827e-11
[component_container-3] (2026-05-13 22:41:20.703) [debug] [SdfEntityCreator.cc:547] Link has auto-inertial enabled: cable_0::sfp_module_link
[component_container-3] (2026-05-13 22:41:20.704) [debug] [SdfEntityCreator.cc:549]   pose: 0.00024115 0.00702224 0.000553372 0 0 0
[component_container-3] (2026-05-13 22:41:20.704) [debug] [SdfEntityCreator.cc:550]   mass: 0.02
[component_container-3] (2026-05-13 22:41:20.704) [debug] [SdfEntityCreator.cc:551]   ixx iyy izz: 2.81022e-06 5.74024e-07 3.07134e-06
[component_container-3] (2026-05-13 22:41:20.704) [debug] [SdfEntityCreator.cc:553]   ixy ixz iyz: 2.90452e-08 2.66891e-09 9.66165e-08
[component_container-3] (2026-05-13 22:41:20.709) [debug] [CablePlugin.cc:86] aic_gazebo::CablePlugin::Configure on entity: 242
[component_container-3] (2026-05-13 22:41:20.710) [info] [CablePlugin.cc:150] Cable transitioning to HARNESS state.
[component_container-3] (2026-05-13 22:41:20.710) [debug] [SystemManager.cc:80] Loaded system [aic_gazebo::CablePlugin] for entity [242]
[component_container-3] (2026-05-13 22:41:20.710) [debug] [SystemManager.cc:80] Loaded system [gz::sim::systems::PosePublisher] for entity [242]
[component_container-3] (2026-05-13 22:41:20.711) [debug] [UserCommands.cc:1108] Created entity [242] named [cable_0]
[aic_engine-6] [INFO] [1778737280.719055230] [aic_engine]: Successfully spawned cable_0 as 'cable_0'
[aic_engine-6] [INFO] [1778737280.719151581] [aic_engine]: Cable cable_0 spawned successfully.
[component_container-3] [INFO] [1778737280.726063244] [gz_server]: InitializeCanonicalLinks
[component_container-3] (2026-05-13 22:41:27.459) [debug] [SimulationRunner.cc:600] Exiting postupdate worker thread (8)
[component_container-3] (2026-05-13 22:41:27.459) [debug] [SimulationRunner.cc:600] Exiting postupdate worker thread (0)
[component_container-3] (2026-05-13 22:41:27.459) [debug] [SimulationRunner.cc:600] Exiting postupdate worker thread (5)
[component_container-3] (2026-05-13 22:41:27.460) [debug] [SimulationRunner.cc:600] Exiting postupdate worker thread (2)
[component_container-3] (2026-05-13 22:41:27.459) [debug] [SimulationRunner.cc:600] Exiting postupdate worker thread (3)
[component_container-3] (2026-05-13 22:41:27.459) [debug] [SimulationRunner.cc:600] Exiting postupdate worker thread (6)
[component_container-3] (2026-05-13 22:41:27.459) [debug] [SimulationRunner.cc:600] Exiting postupdate worker thread (7)
[component_container-3] (2026-05-13 22:41:27.459) [debug] [SimulationRunner.cc:600] Exiting postupdate worker thread (1)
[component_container-3] (2026-05-13 22:41:27.459) [debug] [SimulationRunner.cc:600] Exiting postupdate worker thread (4)
[component_container-3] (2026-05-13 22:41:27.461) [debug] [SimulationRunner.cc:573] Creating PostUpdate worker threads: 12
[component_container-3] (2026-05-13 22:41:27.461) [debug] [SimulationRunner.cc:584] Creating postupdate worker thread (0)
[component_container-3] (2026-05-13 22:41:27.461) [debug] [SimulationRunner.cc:584] Creating postupdate worker thread (1)
[component_container-3] (2026-05-13 22:41:27.461) [debug] [SimulationRunner.cc:584] Creating postupdate worker thread (2)
[component_container-3] (2026-05-13 22:41:27.462) [debug] [SimulationRunner.cc:584] Creating postupdate worker thread (3)
[component_container-3] (2026-05-13 22:41:27.462) [debug] [SimulationRunner.cc:584] Creating postupdate worker thread (4)
[component_container-3] (2026-05-13 22:41:27.462) [debug] [SimulationRunner.cc:584] Creating postupdate worker thread (5)
[component_container-3] (2026-05-13 22:41:27.462) [debug] [SimulationRunner.cc:584] Creating postupdate worker thread (6)
[component_container-3] (2026-05-13 22:41:27.462) [debug] [SimulationRunner.cc:584] Creating postupdate worker thread (7)
[component_container-3] (2026-05-13 22:41:27.462) [debug] [SimulationRunner.cc:584] Creating postupdate worker thread (8)
[component_container-3] (2026-05-13 22:41:27.462) [debug] [SimulationRunner.cc:584] Creating postupdate worker thread (9)
[component_container-3] (2026-05-13 22:41:27.462) [debug] [SimulationRunner.cc:584] Creating postupdate worker thread (10)
[component_container-3] (2026-05-13 22:41:27.470) [info] [CablePlugin.cc:201] Cable transitioning to WAITING state.
[component_container-3] (2026-05-13 22:41:27.470) [info] [CablePlugin.cc:213] Cable transitioning to CREATE_CONNECTIONS state.
[component_container-3] (2026-05-13 22:41:27.471) [debug] [Physics.cc:2015] Creating detachable joint [418]
[component_container-3] (2026-05-13 22:41:27.471) [debug] [Physics.cc:2015] Creating detachable joint [421]
[component_container-3] (2026-05-13 22:41:27.472) [debug] [Physics.cc:2136] Detaching joint [418]
[component_container-3] (2026-05-13 22:41:27.472) [debug] [Physics.cc:2136] Detaching joint [421]
[component_container-3] [INFO] [1778737287.474219339] [gz_server]: InitializeCanonicalLinks
[component_container-3] (2026-05-13 22:41:27.475) [info] [CablePlugin.cc:247] Cable transitioning to CABLE_ATTACHED_TO_GRIPPER state.
[component_container-3] (2026-05-13 22:41:27.475) [debug] [Physics.cc:2015] Creating detachable joint [422]
[aic_engine-6] [INFO] [1778737301.393798571] [aic_engine]: Waiting for robot arm to stabilize.
[aic_engine-6] [INFO] [1778737416.095692888] [aic_engine]: [1;32m  ✓ Simulator Ready for trial 'trial_1'[0m
[aic_engine-6] [INFO] [1778737416.095784445] [aic_engine]: Checking scoring system readiness...
[aic_engine-6] [INFO] [1778737428.085233653] [aic_engine]: Started recording to '/home/ashutokumar/aic_results/cc15c_recovery_20260513_223857/bag_trial_1_20260513_224336_095'.
[aic_engine-6] [INFO] [1778737428.085377114] [aic_engine]: [1;32m  ✓ Scoring Ready for trial 'trial_1'[0m
[aic_engine-6] [INFO] [1778737428.085543435] [aic_engine]: Starting tasks for active trial...
[aic_engine-6] [INFO] [1778737428.085591466] [aic_engine]: Sending InsertCable goal for task [task_1